所有者「豫言」的包「标准库」 版本：0.1.0；类型：库；说明：包说明.汉语.md、包说明.文言.md
所有者「豫言」的包「标准库」 → ；源码数：56
所有者「豫言」的包「标准库」 包含在：共用库
所有者「豫言」的包「字节编码」 版本：0.1.0；类型：库；说明：包说明.汉语.md、包说明.文言.md
所有者「豫言」的包「字节编码」 → 所有者「豫言」的包「标准库」；源码数：5
所有者「豫言」的包「字节编码」 包含在：校验与编码基础库
所有者「豫言」的包「日历」 版本：0.1.0；类型：库；说明：包说明.汉语.md、包说明.文言.md
所有者「豫言」的包「日历」 → 所有者「豫言」的包「标准库」；源码数：25
所有者「豫言」的包「日历」 包含在：存储与时间基础库
所有者「豫言」的包「根证书数据」 版本：0.1.0；类型：库；说明：包说明.汉语.md、包说明.文言.md
所有者「豫言」的包「根证书数据」 → 所有者「豫言」的包「标准库」，所有者「豫言」的包「字节编码」，所有者「豫言」的包「日历」；源码数：3
所有者「豫言」的包「根证书数据」 包含在：密码与安全基础库
所有者「豫言」的包「密码」 版本：0.1.0；类型：库；说明：包说明.汉语.md、包说明.文言.md
所有者「豫言」的包「密码」 → 所有者「豫言」的包「标准库」；源码数：67
所有者「豫言」的包「密码」 包含在：密码与安全基础库
所有者「豫言」的包「统一码排序数据」 版本：0.1.0；类型：库；说明：包说明.汉语.md、包说明.文言.md
所有者「豫言」的包「统一码排序数据」 → 所有者「豫言」的包「标准库」；源码数：13
所有者「豫言」的包「统一码排序数据」 包含在：文字基础库
所有者「豫言」的包「统一码数据」 版本：18.0.0；类型：库；说明：包说明.汉语.md、包说明.文言.md
所有者「豫言」的包「统一码数据」 → 所有者「豫言」的包「标准库」；源码数：47
所有者「豫言」的包「统一码数据」 包含在：统一码
所有者「豫言」的包「统一码」 版本：0.1.0；类型：库；说明：包说明.汉语.md、包说明.文言.md
所有者「豫言」的包「统一码」 → 所有者「豫言」的包「标准库」，所有者「豫言」的包「统一码排序数据」，所有者「豫言」的包「统一码数据」；源码数：72
所有者「豫言」的包「统一码」 包含在：文字基础库；包含：统一码数据
所有者「豫言」的包「证书」 版本：0.1.0；类型：库；说明：包说明.汉语.md、包说明.文言.md
所有者「豫言」的包「证书」 → 所有者「豫言」的包「标准库」，所有者「豫言」的包「字节编码」，所有者「豫言」的包「日历」，所有者「豫言」的包「根证书数据」，所有者「豫言」的包「密码」，所有者「豫言」的包「统一码」；源码数：50
所有者「豫言」的包「证书」 包含在：密码与安全基础库
所有者「豫言」的包「根证书更新」 版本：0.1.0；类型：可执行文件；文件名：yy根证书更新；说明：包说明.汉语.md、包说明.文言.md
所有者「豫言」的包「根证书更新」 → 所有者「豫言」的包「标准库」，所有者「豫言」的包「字节编码」，所有者「豫言」的包「证书」；源码数：3
所有者「豫言」的包「根证书更新」 包含在：开发工具
