[2026-10-08 09:24:26] 当前路径：/Users/zhiboc/repos/yuyan-worktrees/基础库-密码封套核验/yy封套配套链
[启动] dependency-analysis：/Users/zhiboc/repos/yuyan-worktrees/基础库-密码封套核验/库/标准库/草稿/yy封套常量生成。豫 | 运行 1/24
[完成] 依赖分析：/Users/zhiboc/repos/yuyan-worktrees/基础库-密码封套核验/库/标准库/草稿/yy封套常量生成。豫 | PID 15643 | 退出 0 | 运行 0/24 | 已完成 1
[启动] dependency-analysis：/Users/zhiboc/repos/yuyan-worktrees/基础库-密码封套核验/库/标准库/总集。豫 | 运行 1/24
[启动] dependency-analysis：/Users/zhiboc/repos/yuyan-worktrees/基础库-密码封套核验/库/标准库/语言核心/异常。豫 | 运行 2/24
[启动] dependency-analysis：/Users/zhiboc/repos/yuyan-worktrees/基础库-密码封套核验/库/标准库/操作系统/文件系统。豫 | 运行 3/24
[启动] dependency-analysis：/Users/zhiboc/repos/yuyan-worktrees/基础库-密码封套核验/库/标准库/操作系统/命令行参数。豫 | 运行 4/24
[完成] 依赖分析：/Users/zhiboc/repos/yuyan-worktrees/基础库-密码封套核验/库/标准库/语言核心/异常。豫 | PID 15643 | 退出 0 | 运行 3/24 | 已完成 2
[启动] dependency-analysis：/Users/zhiboc/repos/yuyan-worktrees/基础库-密码封套核验/库/标准库/语言核心/内建类型。豫 | 运行 4/24
[启动] dependency-analysis：/Users/zhiboc/repos/yuyan-worktrees/基础库-密码封套核验/库/标准库/语言核心/原语。内建。豫 | 运行 5/24
[启动] dependency-analysis：/Users/zhiboc/repos/yuyan-worktrees/基础库-密码封套核验/库/标准库/宿主。接口。豫 | 运行 6/24
[完成] 依赖分析：/Users/zhiboc/repos/yuyan-worktrees/基础库-密码封套核验/库/标准库/语言核心/原语。内建。豫 | PID 15643 | 退出 0 | 运行 5/24 | 已完成 3
[完成] 依赖分析：/Users/zhiboc/repos/yuyan-worktrees/基础库-密码封套核验/库/标准库/操作系统/命令行参数。豫 | PID 15643 | 退出 0 | 运行 4/24 | 已完成 4
[启动] dependency-analysis：/Users/zhiboc/repos/yuyan-worktrees/基础库-密码封套核验/库/标准库/数据结构/多态列。豫 | 运行 5/24
[启动] dependency-analysis：/Users/zhiboc/repos/yuyan-worktrees/基础库-密码封套核验/库/标准库/宿主带列。接口。豫 | 运行 6/24
[完成] 依赖分析：/Users/zhiboc/repos/yuyan-worktrees/基础库-密码封套核验/库/标准库/操作系统/文件系统。豫 | PID 15643 | 退出 0 | 运行 5/24 | 已完成 5
[启动] dependency-analysis：/Users/zhiboc/repos/yuyan-worktrees/基础库-密码封套核验/库/标准库/数据结构/字节串。豫 | 运行 6/24
[完成] 依赖分析：/Users/zhiboc/repos/yuyan-worktrees/基础库-密码封套核验/库/标准库/总集。豫 | PID 15643 | 退出 0 | 运行 5/24 | 已完成 6
[启动] dependency-analysis：/Users/zhiboc/repos/yuyan-worktrees/基础库-密码封套核验/库/标准库/操作系统。豫 | 运行 6/24
[启动] dependency-analysis：/Users/zhiboc/repos/yuyan-worktrees/基础库-密码封套核验/库/标准库/控制。豫 | 运行 7/24
[启动] dependency-analysis：/Users/zhiboc/repos/yuyan-worktrees/基础库-密码封套核验/库/标准库/数学运算。豫 | 运行 8/24
[启动] dependency-analysis：/Users/zhiboc/repos/yuyan-worktrees/基础库-密码封套核验/库/标准库/数据结构。豫 | 运行 9/24
[启动] dependency-analysis：/Users/zhiboc/repos/yuyan-worktrees/基础库-密码封套核验/库/标准库/输入输出。豫 | 运行 10/24
[启动] dependency-analysis：/Users/zhiboc/repos/yuyan-worktrees/基础库-密码封套核验/库/标准库/语言核心。豫 | 运行 11/24
[启动] dependency-analysis：/Users/zhiboc/repos/yuyan-worktrees/基础库-密码封套核验/库/标准库/网络。豫 | 运行 12/24
[启动] dependency-analysis：/Users/zhiboc/repos/yuyan-worktrees/基础库-密码封套核验/库/标准库/豫言标准内核。豫 | 运行 13/24
[完成] 依赖分析：/Users/zhiboc/repos/yuyan-worktrees/基础库-密码封套核验/库/标准库/输入输出。豫 | PID 15643 | 退出 0 | 运行 12/24 | 已完成 7
[启动] dependency-analysis：/Users/zhiboc/repos/yuyan-worktrees/基础库-密码封套核验/库/标准库/输入输出/笔。豫 | 运行 13/24
[完成] 依赖分析：/Users/zhiboc/repos/yuyan-worktrees/基础库-密码封套核验/库/标准库/控制。豫 | PID 15643 | 退出 0 | 运行 12/24 | 已完成 8
[启动] dependency-analysis：/Users/zhiboc/repos/yuyan-worktrees/基础库-密码封套核验/库/标准库/控制/惰性求值。豫 | 运行 13/24
[启动] dependency-analysis：/Users/zhiboc/repos/yuyan-worktrees/基础库-密码封套核验/库/标准库/控制/异步。豫 | 运行 14/24
[完成] 依赖分析：/Users/zhiboc/repos/yuyan-worktrees/基础库-密码封套核验/库/标准库/宿主带列。接口。豫 | PID 15643 | 退出 0 | 运行 13/24 | 已完成 9
[完成] 依赖分析：/Users/zhiboc/repos/yuyan-worktrees/基础库-密码封套核验/库/标准库/数据结构/多态列。豫 | PID 15643 | 退出 0 | 运行 12/24 | 已完成 10
[启动] dependency-analysis：/Users/zhiboc/repos/yuyan-worktrees/基础库-密码封套核验/库/标准库/数据结构/爻术。豫 | 运行 13/24
[启动] dependency-analysis：/Users/zhiboc/repos/yuyan-worktrees/基础库-密码封套核验/库/标准库/数据结构/整数操作。豫 | 运行 14/24
[启动] dependency-analysis：/Users/zhiboc/repos/yuyan-worktrees/基础库-密码封套核验/库/标准库/数据结构/可选值。豫 | 运行 15/24
[启动] dependency-analysis：/Users/zhiboc/repos/yuyan-worktrees/基础库-密码封套核验/库/标准库/语言核心/续延。豫 | 运行 16/24
[完成] 依赖分析：/Users/zhiboc/repos/yuyan-worktrees/基础库-密码封套核验/库/标准库/宿主。接口。豫 | PID 15643 | 退出 0 | 运行 15/24 | 已完成 11
[完成] 依赖分析：/Users/zhiboc/repos/yuyan-worktrees/基础库-密码封套核验/库/标准库/语言核心/内建类型。豫 | PID 15643 | 退出 0 | 运行 14/24 | 已完成 12
[启动] parse：/Users/zhiboc/repos/yuyan-worktrees/基础库-密码封套核验/库/标准库/语言核心/内建类型。豫 | 运行 15/24
[完成] 依赖分析：/Users/zhiboc/repos/yuyan-worktrees/基础库-密码封套核验/库/标准库/输入输出/笔。豫 | PID 15643 | 退出 0 | 运行 14/24 | 已完成 13
[完成] 依赖分析：/Users/zhiboc/repos/yuyan-worktrees/基础库-密码封套核验/库/标准库/数据结构。豫 | PID 15643 | 退出 0 | 运行 13/24 | 已完成 14
[启动] dependency-analysis：/Users/zhiboc/repos/yuyan-worktrees/基础库-密码封套核验/库/标准库/数据结构/多态列工具。豫 | 运行 14/24
[启动] dependency-analysis：/Users/zhiboc/repos/yuyan-worktrees/基础库-密码封套核验/库/标准库/数据结构/字符串术。豫 | 运行 15/24
[启动] dependency-analysis：/Users/zhiboc/repos/yuyan-worktrees/基础库-密码封套核验/库/标准库/数据结构/字符流术。豫 | 运行 16/24
[启动] dependency-analysis：/Users/zhiboc/repos/yuyan-worktrees/基础库-密码封套核验/库/标准库/数据结构/特殊字符。豫 | 运行 17/24
[启动] dependency-analysis：/Users/zhiboc/repos/yuyan-worktrees/基础库-密码封套核验/库/标准库/数据结构/对子术。豫 | 运行 18/24
[启动] dependency-analysis：/Users/zhiboc/repos/yuyan-worktrees/基础库-密码封套核验/库/标准库/数据结构/字典术。豫 | 运行 19/24
[启动] dependency-analysis：/Users/zhiboc/repos/yuyan-worktrees/基础库-密码封套核验/库/标准库/数据结构/小数操作。豫 | 运行 20/24
[启动] dependency-analysis：/Users/zhiboc/repos/yuyan-worktrees/基础库-密码封套核验/库/标准库/数据结构/小数术。豫 | 运行 21/24
[启动] dependency-analysis：/Users/zhiboc/repos/yuyan-worktrees/基础库-密码封套核验/库/标准库/数据结构/列表搜索。豫 | 运行 22/24
[启动] dependency-analysis：/Users/zhiboc/repos/yuyan-worktrees/基础库-密码封套核验/库/标准库/数据结构/函数操作。豫 | 运行 23/24
[启动] dependency-analysis：/Users/zhiboc/repos/yuyan-worktrees/基础库-密码封套核验/库/标准库/数据结构/字节缓冲。豫 | 运行 24/24
[完成] 依赖分析：/Users/zhiboc/repos/yuyan-worktrees/基础库-密码封套核验/库/标准库/数据结构/多态列工具。豫 | PID 15643 | 退出 0 | 运行 23/24 | 已完成 15
[启动] dependency-analysis：/Users/zhiboc/repos/yuyan-worktrees/基础库-密码封套核验/库/标准库/语言核心/引用。豫 | 运行 24/24
[完成] 依赖分析：/Users/zhiboc/repos/yuyan-worktrees/基础库-密码封套核验/库/标准库/数据结构/小数操作。豫 | PID 15643 | 退出 0 | 运行 23/24 | 已完成 16
[完成] 依赖分析：/Users/zhiboc/repos/yuyan-worktrees/基础库-密码封套核验/库/标准库/数据结构/小数术。豫 | PID 15643 | 退出 0 | 运行 22/24 | 已完成 17
[完成] 依赖分析：/Users/zhiboc/repos/yuyan-worktrees/基础库-密码封套核验/库/标准库/数学运算。豫 | PID 15643 | 退出 0 | 运行 21/24 | 已完成 18
[启动] dependency-analysis：/Users/zhiboc/repos/yuyan-worktrees/基础库-密码封套核验/库/标准库/数学运算/转换。豫 | 运行 22/24
[启动] dependency-analysis：/Users/zhiboc/repos/yuyan-worktrees/基础库-密码封套核验/库/标准库/数学运算/具体列。豫 | 运行 23/24
[启动] dependency-analysis：/Users/zhiboc/repos/yuyan-worktrees/基础库-密码封套核验/库/标准库/数学运算/随机。豫 | 运行 24/24
[完成] 依赖分析：/Users/zhiboc/repos/yuyan-worktrees/基础库-密码封套核验/库/标准库/数学运算/转换。豫 | PID 15643 | 退出 0 | 运行 23/24 | 已完成 19
[启动] dependency-analysis：/Users/zhiboc/repos/yuyan-worktrees/基础库-密码封套核验/库/标准库/数学运算/大小。豫 | 运行 24/24
[完成] 依赖分析：/Users/zhiboc/repos/yuyan-worktrees/基础库-密码封套核验/库/标准库/数学运算/大小。豫 | PID 15643 | 退出 0 | 运行 23/24 | 已完成 20
[启动] dependency-analysis：/Users/zhiboc/repos/yuyan-worktrees/基础库-密码封套核验/库/标准库/数学运算/数组转换。豫 | 运行 24/24
[完成] 依赖分析：/Users/zhiboc/repos/yuyan-worktrees/基础库-密码封套核验/库/标准库/数学运算/数组转换。豫 | PID 15643 | 退出 0 | 运行 23/24 | 已完成 21
[完成] 依赖分析：/Users/zhiboc/repos/yuyan-worktrees/基础库-密码封套核验/库/标准库/数据结构/字节串。豫 | PID 15643 | 退出 0 | 运行 22/24 | 已完成 22
[完成] 依赖分析：/Users/zhiboc/repos/yuyan-worktrees/基础库-密码封套核验/库/标准库/语言核心。豫 | PID 15643 | 退出 0 | 运行 21/24 | 已完成 23
[启动] dependency-analysis：/Users/zhiboc/repos/yuyan-worktrees/基础库-密码封套核验/库/标准库/语言核心/不安全。豫 | 运行 22/24
[启动] dependency-analysis：/Users/zhiboc/repos/yuyan-worktrees/基础库-密码封套核验/库/标准库/语言核心/异步原语。豫 | 运行 23/24
[完成] 依赖分析：/Users/zhiboc/repos/yuyan-worktrees/基础库-密码封套核验/库/标准库/网络。豫 | PID 15643 | 退出 0 | 运行 22/24 | 已完成 24
[启动] dependency-analysis：/Users/zhiboc/repos/yuyan-worktrees/基础库-密码封套核验/库/标准库/网络/传输控制协议。豫 | 运行 23/24
[启动] dependency-analysis：/Users/zhiboc/repos/yuyan-worktrees/基础库-密码封套核验/库/标准库/网络/异步传输控制协议。豫 | 运行 24/24
[完成] 依赖分析：/Users/zhiboc/repos/yuyan-worktrees/基础库-密码封套核验/库/标准库/语言核心/不安全。豫 | PID 15643 | 退出 0 | 运行 23/24 | 已完成 25
[启动] dependency-analysis：/Users/zhiboc/repos/yuyan-worktrees/基础库-密码封套核验/库/标准库/网络/超文本传输协议。豫 | 运行 24/24
[完成] 依赖分析：/Users/zhiboc/repos/yuyan-worktrees/基础库-密码封套核验/库/标准库/豫言标准内核。豫 | PID 15643 | 退出 0 | 运行 23/24 | 已完成 26
[完成] 依赖分析：/Users/zhiboc/repos/yuyan-worktrees/基础库-密码封套核验/库/标准库/操作系统。豫 | PID 15643 | 退出 0 | 运行 22/24 | 已完成 27
[启动] dependency-analysis：/Users/zhiboc/repos/yuyan-worktrees/基础库-密码封套核验/库/标准库/操作系统/子进程。豫 | 运行 23/24
[启动] dependency-analysis：/Users/zhiboc/repos/yuyan-worktrees/基础库-密码封套核验/库/标准库/操作系统/进程。豫 | 运行 24/24
[完成] 依赖分析：/Users/zhiboc/repos/yuyan-worktrees/基础库-密码封套核验/库/标准库/网络/异步传输控制协议。豫 | PID 15643 | 退出 0 | 运行 23/24 | 已完成 28
[启动] dependency-analysis：/Users/zhiboc/repos/yuyan-worktrees/基础库-密码封套核验/库/标准库/操作系统/时间。豫 | 运行 24/24
[完成] 依赖分析：/Users/zhiboc/repos/yuyan-worktrees/基础库-密码封套核验/库/标准库/网络/传输控制协议。豫 | PID 15643 | 退出 0 | 运行 23/24 | 已完成 29
[启动] dependency-analysis：/Users/zhiboc/repos/yuyan-worktrees/基础库-密码封套核验/库/标准库/操作系统/路径。豫 | 运行 24/24
[完成] 依赖分析：/Users/zhiboc/repos/yuyan-worktrees/基础库-密码封套核验/库/标准库/操作系统/进程。豫 | PID 15643 | 退出 0 | 运行 23/24 | 已完成 30
[启动] dependency-analysis：/Users/zhiboc/repos/yuyan-worktrees/基础库-密码封套核验/库/标准库/操作系统/系统名称。豫 | 运行 24/24
[完成] 依赖分析：/Users/zhiboc/repos/yuyan-worktrees/基础库-密码封套核验/库/标准库/操作系统/子进程。豫 | PID 15643 | 退出 0 | 运行 23/24 | 已完成 31
[启动] dependency-analysis：/Users/zhiboc/repos/yuyan-worktrees/基础库-密码封套核验/库/标准库/操作系统/环境变量。豫 | 运行 24/24
[完成] 依赖分析：/Users/zhiboc/repos/yuyan-worktrees/基础库-密码封套核验/库/标准库/网络/超文本传输协议。豫 | PID 15643 | 退出 0 | 运行 23/24 | 已完成 32
[完成] 依赖分析：/Users/zhiboc/repos/yuyan-worktrees/基础库-密码封套核验/库/标准库/操作系统/路径。豫 | PID 15643 | 退出 0 | 运行 22/24 | 已完成 33
[完成] 依赖分析：/Users/zhiboc/repos/yuyan-worktrees/基础库-密码封套核验/库/标准库/操作系统/时间。豫 | PID 15643 | 退出 0 | 运行 21/24 | 已完成 34
[完成] 依赖分析：/Users/zhiboc/repos/yuyan-worktrees/基础库-密码封套核验/库/标准库/数据结构/爻术。豫 | PID 15643 | 退出 0 | 运行 20/24 | 已完成 35
[完成] 依赖分析：/Users/zhiboc/repos/yuyan-worktrees/基础库-密码封套核验/库/标准库/操作系统/环境变量。豫 | PID 15643 | 退出 0 | 运行 19/24 | 已完成 36
[完成] 依赖分析：/Users/zhiboc/repos/yuyan-worktrees/基础库-密码封套核验/库/标准库/控制/惰性求值。豫 | PID 15643 | 退出 0 | 运行 18/24 | 已完成 37
[完成] 依赖分析：/Users/zhiboc/repos/yuyan-worktrees/基础库-密码封套核验/库/标准库/数据结构/整数操作。豫 | PID 15643 | 退出 0 | 运行 17/24 | 已完成 38
[完成] 依赖分析：/Users/zhiboc/repos/yuyan-worktrees/基础库-密码封套核验/库/标准库/控制/异步。豫 | PID 15643 | 退出 0 | 运行 16/24 | 已完成 39
[完成] 依赖分析：/Users/zhiboc/repos/yuyan-worktrees/基础库-密码封套核验/库/标准库/语言核心/续延。豫 | PID 15643 | 退出 0 | 运行 15/24 | 已完成 40
[启动] parse：/Users/zhiboc/repos/yuyan-worktrees/基础库-密码封套核验/库/标准库/语言核心/续延。豫 | 运行 16/24
[完成] 语法解析：/Users/zhiboc/repos/yuyan-worktrees/基础库-密码封套核验/库/标准库/语言核心/内建类型。豫 | PID 15643 | 退出 0 | 运行 15/24 | 已完成 41
[启动] parse：/Users/zhiboc/repos/yuyan-worktrees/基础库-密码封套核验/库/标准库/语言核心/原语。内建。豫 | 运行 16/24
[启动] parse：/Users/zhiboc/repos/yuyan-worktrees/基础库-密码封套核验/库/标准库/数学运算/大小。豫 | 运行 17/24
[启动] parse：/Users/zhiboc/repos/yuyan-worktrees/基础库-密码封套核验/库/标准库/数据结构/爻术。豫 | 运行 18/24
[启动] parse：/Users/zhiboc/repos/yuyan-worktrees/基础库-密码封套核验/库/标准库/控制/惰性求值。豫 | 运行 19/24
[启动] type-check-and-erase：/Users/zhiboc/repos/yuyan-worktrees/基础库-密码封套核验/库/标准库/语言核心/内建类型。豫 | 运行 20/24
[完成] 语法解析：/Users/zhiboc/repos/yuyan-worktrees/基础库-密码封套核验/库/标准库/语言核心/原语。内建。豫 | PID 15643 | 退出 0 | 运行 19/24 | 已完成 42
[启动] parse：/Users/zhiboc/repos/yuyan-worktrees/基础库-密码封套核验/库/标准库/数据结构/小数术。豫 | 运行 20/24
[启动] parse：/Users/zhiboc/repos/yuyan-worktrees/基础库-密码封套核验/库/标准库/数学运算/转换。豫 | 运行 21/24
[启动] parse：/Users/zhiboc/repos/yuyan-worktrees/基础库-密码封套核验/库/标准库/数据结构/字节串。豫 | 运行 22/24
[启动] parse：/Users/zhiboc/repos/yuyan-worktrees/基础库-密码封套核验/库/标准库/语言核心/不安全。豫 | 运行 23/24
[完成] 语法解析：/Users/zhiboc/repos/yuyan-worktrees/基础库-密码封套核验/库/标准库/控制/惰性求值。豫 | PID 15643 | 退出 0 | 运行 22/24 | 已完成 43
[完成] 语法解析：/Users/zhiboc/repos/yuyan-worktrees/基础库-密码封套核验/库/标准库/语言核心/续延。豫 | PID 15643 | 退出 0 | 运行 21/24 | 已完成 44
[启动] type-check-and-erase：/Users/zhiboc/repos/yuyan-worktrees/基础库-密码封套核验/库/标准库/语言核心/续延。豫 | 运行 22/24
[完成] 依赖分析：/Users/zhiboc/repos/yuyan-worktrees/基础库-密码封套核验/库/标准库/数据结构/可选值。豫 | PID 15643 | 退出 0 | 运行 21/24 | 已完成 45
[完成] 语法解析：/Users/zhiboc/repos/yuyan-worktrees/基础库-密码封套核验/库/标准库/数据结构/小数术。豫 | PID 15643 | 退出 0 | 运行 20/24 | 已完成 46
[完成] 语法解析：/Users/zhiboc/repos/yuyan-worktrees/基础库-密码封套核验/库/标准库/语言核心/不安全。豫 | PID 15643 | 退出 0 | 运行 19/24 | 已完成 47
[完成] 类型检查：/Users/zhiboc/repos/yuyan-worktrees/基础库-密码封套核验/库/标准库/语言核心/续延。豫 | PID 15643 | 退出 0 | 运行 18/24 | 已完成 48
[启动] cross-module-optimize：/Users/zhiboc/repos/yuyan-worktrees/基础库-密码封套核验/库/标准库/语言核心/续延。豫 | 运行 19/24
[完成] 依赖分析：/Users/zhiboc/repos/yuyan-worktrees/基础库-密码封套核验/库/标准库/数据结构/特殊字符。豫 | PID 15643 | 退出 0 | 运行 18/24 | 已完成 49
[完成] 依赖分析：/Users/zhiboc/repos/yuyan-worktrees/基础库-密码封套核验/库/标准库/数据结构/字符串术。豫 | PID 15643 | 退出 0 | 运行 17/24 | 已完成 50
[完成] 依赖分析：/Users/zhiboc/repos/yuyan-worktrees/基础库-密码封套核验/库/标准库/数据结构/列表搜索。豫 | PID 15643 | 退出 0 | 运行 16/24 | 已完成 51
[完成] 依赖分析：/Users/zhiboc/repos/yuyan-worktrees/基础库-密码封套核验/库/标准库/数据结构/字节缓冲。豫 | PID 15643 | 退出 0 | 运行 15/24 | 已完成 52
[完成] 依赖分析：/Users/zhiboc/repos/yuyan-worktrees/基础库-密码封套核验/库/标准库/数据结构/字符流术。豫 | PID 15643 | 退出 0 | 运行 14/24 | 已完成 53
[完成] 依赖分析：/Users/zhiboc/repos/yuyan-worktrees/基础库-密码封套核验/库/标准库/数据结构/字典术。豫 | PID 15643 | 退出 0 | 运行 13/24 | 已完成 54
[完成] 依赖分析：/Users/zhiboc/repos/yuyan-worktrees/基础库-密码封套核验/库/标准库/数据结构/对子术。豫 | PID 15643 | 退出 0 | 运行 12/24 | 已完成 55
[完成] 依赖分析：/Users/zhiboc/repos/yuyan-worktrees/基础库-密码封套核验/库/标准库/数据结构/函数操作。豫 | PID 15643 | 退出 0 | 运行 11/24 | 已完成 56
[启动] parse：/Users/zhiboc/repos/yuyan-worktrees/基础库-密码封套核验/库/标准库/数据结构/函数操作。豫 | 运行 12/24
[完成] 依赖分析：/Users/zhiboc/repos/yuyan-worktrees/基础库-密码封套核验/库/标准库/语言核心/引用。豫 | PID 15643 | 退出 0 | 运行 11/24 | 已完成 57
[启动] parse：/Users/zhiboc/repos/yuyan-worktrees/基础库-密码封套核验/库/标准库/语言核心/引用。豫 | 运行 12/24
[完成] 语法解析：/Users/zhiboc/repos/yuyan-worktrees/基础库-密码封套核验/库/标准库/数据结构/函数操作。豫 | PID 15643 | 退出 0 | 运行 11/24 | 已完成 58
[启动] type-check-and-erase：/Users/zhiboc/repos/yuyan-worktrees/基础库-密码封套核验/库/标准库/数据结构/函数操作。豫 | 运行 12/24
[完成] 语法解析：/Users/zhiboc/repos/yuyan-worktrees/基础库-密码封套核验/库/标准库/语言核心/引用。豫 | PID 15643 | 退出 0 | 运行 11/24 | 已完成 59
[完成] 类型检查：/Users/zhiboc/repos/yuyan-worktrees/基础库-密码封套核验/库/标准库/数据结构/函数操作。豫 | PID 15643 | 退出 0 | 运行 10/24 | 已完成 60
[启动] cross-module-optimize：/Users/zhiboc/repos/yuyan-worktrees/基础库-密码封套核验/库/标准库/数据结构/函数操作。豫 | 运行 11/24
[完成] 跨模块优化：/Users/zhiboc/repos/yuyan-worktrees/基础库-密码封套核验/库/标准库/数据结构/函数操作。豫 | PID 15643 | 退出 0 | 运行 10/24 | 已完成 61
[启动] pre-closure-convert：/Users/zhiboc/repos/yuyan-worktrees/基础库-密码封套核验/库/标准库/数据结构/函数操作。豫 | 运行 11/24
[完成] 依赖分析：/Users/zhiboc/repos/yuyan-worktrees/基础库-密码封套核验/库/标准库/数学运算/随机。豫 | PID 15643 | 退出 0 | 运行 10/24 | 已完成 62
[完成] 依赖分析：/Users/zhiboc/repos/yuyan-worktrees/基础库-密码封套核验/库/标准库/数学运算/具体列。豫 | PID 15643 | 退出 0 | 运行 9/24 | 已完成 63
[完成] 依赖分析：/Users/zhiboc/repos/yuyan-worktrees/基础库-密码封套核验/库/标准库/语言核心/异步原语。豫 | PID 15643 | 退出 0 | 运行 8/24 | 已完成 64
[启动] parse：/Users/zhiboc/repos/yuyan-worktrees/基础库-密码封套核验/库/标准库/语言核心/异步原语。豫 | 运行 9/24
[完成] 依赖分析：/Users/zhiboc/repos/yuyan-worktrees/基础库-密码封套核验/库/标准库/操作系统/系统名称。豫 | PID 15643 | 退出 0 | 运行 8/24 | 已完成 65
[完成] 语法解析：/Users/zhiboc/repos/yuyan-worktrees/基础库-密码封套核验/库/标准库/语言核心/异步原语。豫 | PID 15643 | 退出 0 | 运行 7/24 | 已完成 66
[完成] 语法解析：/Users/zhiboc/repos/yuyan-worktrees/基础库-密码封套核验/库/标准库/数据结构/爻术。豫 | PID 15643 | 退出 0 | 运行 6/24 | 已完成 67
[启动] parse：/Users/zhiboc/repos/yuyan-worktrees/基础库-密码封套核验/库/标准库/数据结构/整数操作。豫 | 运行 7/24
[完成] 类型检查：/Users/zhiboc/repos/yuyan-worktrees/基础库-密码封套核验/库/标准库/语言核心/内建类型。豫 | PID 15643 | 退出 0 | 运行 6/24 | 已完成 68
[启动] type-check-and-erase：/Users/zhiboc/repos/yuyan-worktrees/基础库-密码封套核验/库/标准库/语言核心/原语。内建。豫 | 运行 7/24
[启动] type-check-and-erase：/Users/zhiboc/repos/yuyan-worktrees/基础库-密码封套核验/库/标准库/数据结构/爻术。豫 | 运行 8/24
[启动] type-check-and-erase：/Users/zhiboc/repos/yuyan-worktrees/基础库-密码封套核验/库/标准库/控制/惰性求值。豫 | 运行 9/24
[启动] cross-module-optimize：/Users/zhiboc/repos/yuyan-worktrees/基础库-密码封套核验/库/标准库/语言核心/内建类型。豫 | 运行 10/24
[完成] 语法解析：/Users/zhiboc/repos/yuyan-worktrees/基础库-密码封套核验/库/标准库/数学运算/大小。豫 | PID 15643 | 退出 0 | 运行 9/24 | 已完成 69
[启动] type-check-and-erase：/Users/zhiboc/repos/yuyan-worktrees/基础库-密码封套核验/库/标准库/数学运算/大小。豫 | 运行 10/24
[完成] 闭包转换：/Users/zhiboc/repos/yuyan-worktrees/基础库-密码封套核验/库/标准库/数据结构/函数操作。豫 | PID 15643 | 退出 0 | 运行 9/24 | 已完成 70
[完成] 语法解析：/Users/zhiboc/repos/yuyan-worktrees/基础库-密码封套核验/库/标准库/数据结构/字节串。豫 | PID 15643 | 退出 0 | 运行 8/24 | 已完成 71
[启动] parse：/Users/zhiboc/repos/yuyan-worktrees/基础库-密码封套核验/库/标准库/宿主。接口。豫 | 运行 9/24
[启动] parse：/Users/zhiboc/repos/yuyan-worktrees/基础库-密码封套核验/库/标准库/数据结构/字节缓冲。豫 | 运行 10/24
[完成] 语法解析：/Users/zhiboc/repos/yuyan-worktrees/基础库-密码封套核验/库/标准库/数学运算/转换。豫 | PID 15643 | 退出 0 | 运行 9/24 | 已完成 72
[完成] 类型检查：/Users/zhiboc/repos/yuyan-worktrees/基础库-密码封套核验/库/标准库/控制/惰性求值。豫 | PID 15643 | 退出 0 | 运行 8/24 | 已完成 73
[完成] 跨模块优化：/Users/zhiboc/repos/yuyan-worktrees/基础库-密码封套核验/库/标准库/语言核心/续延。豫 | PID 15643 | 退出 0 | 运行 7/24 | 已完成 74
[启动] pre-closure-convert：/Users/zhiboc/repos/yuyan-worktrees/基础库-密码封套核验/库/标准库/语言核心/续延。豫 | 运行 8/24
[完成] 跨模块优化：/Users/zhiboc/repos/yuyan-worktrees/基础库-密码封套核验/库/标准库/语言核心/内建类型。豫 | PID 15643 | 退出 0 | 运行 7/24 | 已完成 75
[启动] cross-module-optimize：/Users/zhiboc/repos/yuyan-worktrees/基础库-密码封套核验/库/标准库/控制/惰性求值。豫 | 运行 8/24
[启动] pre-closure-convert：/Users/zhiboc/repos/yuyan-worktrees/基础库-密码封套核验/库/标准库/语言核心/内建类型。豫 | 运行 9/24
[完成] 语法解析：/Users/zhiboc/repos/yuyan-worktrees/基础库-密码封套核验/库/标准库/宿主。接口。豫 | PID 15643 | 退出 0 | 运行 8/24 | 已完成 76
[启动] parse：/Users/zhiboc/repos/yuyan-worktrees/基础库-密码封套核验/库/标准库/语言核心/异常。豫 | 运行 9/24
[启动] parse：/Users/zhiboc/repos/yuyan-worktrees/基础库-密码封套核验/库/标准库/输入输出/笔。豫 | 运行 10/24
[启动] parse：/Users/zhiboc/repos/yuyan-worktrees/基础库-密码封套核验/库/标准库/数据结构/小数操作。豫 | 运行 11/24
[启动] parse：/Users/zhiboc/repos/yuyan-worktrees/基础库-密码封套核验/库/标准库/操作系统/进程。豫 | 运行 12/24
[启动] parse：/Users/zhiboc/repos/yuyan-worktrees/基础库-密码封套核验/库/标准库/操作系统/环境变量。豫 | 运行 13/24
[启动] parse：/Users/zhiboc/repos/yuyan-worktrees/基础库-密码封套核验/库/标准库/数学运算/随机。豫 | 运行 14/24
[启动] parse：/Users/zhiboc/repos/yuyan-worktrees/基础库-密码封套核验/库/标准库/操作系统/系统名称。豫 | 运行 15/24
[完成] 类型检查：/Users/zhiboc/repos/yuyan-worktrees/基础库-密码封套核验/库/标准库/数学运算/大小。豫 | PID 15643 | 退出 0 | 运行 14/24 | 已完成 77
[启动] cross-module-optimize：/Users/zhiboc/repos/yuyan-worktrees/基础库-密码封套核验/库/标准库/数学运算/大小。豫 | 运行 15/24
[完成] 类型检查：/Users/zhiboc/repos/yuyan-worktrees/基础库-密码封套核验/库/标准库/数据结构/爻术。豫 | PID 15643 | 退出 0 | 运行 14/24 | 已完成 78
[启动] cross-module-optimize：/Users/zhiboc/repos/yuyan-worktrees/基础库-密码封套核验/库/标准库/数据结构/爻术。豫 | 运行 15/24
[完成] 语法解析：/Users/zhiboc/repos/yuyan-worktrees/基础库-密码封套核验/库/标准库/数据结构/整数操作。豫 | PID 15643 | 退出 0 | 运行 14/24 | 已完成 79
[启动] parse：/Users/zhiboc/repos/yuyan-worktrees/基础库-密码封套核验/库/标准库/网络/传输控制协议。豫 | 运行 15/24
[完成] 语法解析：/Users/zhiboc/repos/yuyan-worktrees/基础库-密码封套核验/库/标准库/语言核心/异常。豫 | PID 15643 | 退出 0 | 运行 14/24 | 已完成 80
[启动] parse：/Users/zhiboc/repos/yuyan-worktrees/基础库-密码封套核验/库/标准库/语言核心。豫 | 运行 15/24
[启动] parse：/Users/zhiboc/repos/yuyan-worktrees/基础库-密码封套核验/库/标准库/数据结构/可选值。豫 | 运行 16/24
[完成] 语法解析：/Users/zhiboc/repos/yuyan-worktrees/基础库-密码封套核验/库/标准库/输入输出/笔。豫 | PID 15643 | 退出 0 | 运行 15/24 | 已完成 81
[启动] parse：/Users/zhiboc/repos/yuyan-worktrees/基础库-密码封套核验/库/标准库/输入输出。豫 | 运行 16/24
[完成] 语法解析：/Users/zhiboc/repos/yuyan-worktrees/基础库-密码封套核验/库/标准库/操作系统/进程。豫 | PID 15643 | 退出 0 | 运行 15/24 | 已完成 82
[完成] 语法解析：/Users/zhiboc/repos/yuyan-worktrees/基础库-密码封套核验/库/标准库/数学运算/随机。豫 | PID 15643 | 退出 0 | 运行 14/24 | 已完成 83
[完成] 语法解析：/Users/zhiboc/repos/yuyan-worktrees/基础库-密码封套核验/库/标准库/操作系统/系统名称。豫 | PID 15643 | 退出 0 | 运行 13/24 | 已完成 84
[完成] 语法解析：/Users/zhiboc/repos/yuyan-worktrees/基础库-密码封套核验/库/标准库/数据结构/小数操作。豫 | PID 15643 | 退出 0 | 运行 12/24 | 已完成 85
[启动] parse：/Users/zhiboc/repos/yuyan-worktrees/基础库-密码封套核验/库/标准库/操作系统/时间。豫 | 运行 13/24
[完成] 闭包转换：/Users/zhiboc/repos/yuyan-worktrees/基础库-密码封套核验/库/标准库/语言核心/内建类型。豫 | PID 15643 | 退出 0 | 运行 12/24 | 已完成 86
[完成] 跨模块优化：/Users/zhiboc/repos/yuyan-worktrees/基础库-密码封套核验/库/标准库/控制/惰性求值。豫 | PID 15643 | 退出 0 | 运行 11/24 | 已完成 87
[启动] pre-closure-convert：/Users/zhiboc/repos/yuyan-worktrees/基础库-密码封套核验/库/标准库/控制/惰性求值。豫 | 运行 12/24
[完成] 闭包转换：/Users/zhiboc/repos/yuyan-worktrees/基础库-密码封套核验/库/标准库/语言核心/续延。豫 | PID 15643 | 退出 0 | 运行 11/24 | 已完成 88
[完成] 语法解析：/Users/zhiboc/repos/yuyan-worktrees/基础库-密码封套核验/库/标准库/数据结构/字节缓冲。豫 | PID 15643 | 退出 0 | 运行 10/24 | 已完成 89
[完成] 类型检查：/Users/zhiboc/repos/yuyan-worktrees/基础库-密码封套核验/库/标准库/语言核心/原语。内建。豫 | PID 15643 | 退出 0 | 运行 9/24 | 已完成 90
[启动] type-check-and-erase：/Users/zhiboc/repos/yuyan-worktrees/基础库-密码封套核验/库/标准库/数据结构/小数术。豫 | 运行 10/24
[启动] type-check-and-erase：/Users/zhiboc/repos/yuyan-worktrees/基础库-密码封套核验/库/标准库/数学运算/转换。豫 | 运行 11/24
[启动] type-check-and-erase：/Users/zhiboc/repos/yuyan-worktrees/基础库-密码封套核验/库/标准库/数据结构/字节串。豫 | 运行 12/24
[启动] type-check-and-erase：/Users/zhiboc/repos/yuyan-worktrees/基础库-密码封套核验/库/标准库/语言核心/不安全。豫 | 运行 13/24
[启动] type-check-and-erase：/Users/zhiboc/repos/yuyan-worktrees/基础库-密码封套核验/库/标准库/数据结构/整数操作。豫 | 运行 14/24
[启动] type-check-and-erase：/Users/zhiboc/repos/yuyan-worktrees/基础库-密码封套核验/库/标准库/语言核心/引用。豫 | 运行 15/24
[启动] type-check-and-erase：/Users/zhiboc/repos/yuyan-worktrees/基础库-密码封套核验/库/标准库/语言核心/异步原语。豫 | 运行 16/24
[启动] cross-module-optimize：/Users/zhiboc/repos/yuyan-worktrees/基础库-密码封套核验/库/标准库/语言核心/原语。内建。豫 | 运行 17/24
[完成] 语法解析：/Users/zhiboc/repos/yuyan-worktrees/基础库-密码封套核验/库/标准库/操作系统/时间。豫 | PID 15643 | 退出 0 | 运行 16/24 | 已完成 91
[完成] 闭包转换：/Users/zhiboc/repos/yuyan-worktrees/基础库-密码封套核验/库/标准库/控制/惰性求值。豫 | PID 15643 | 退出 0 | 运行 15/24 | 已完成 92
[完成] 类型检查：/Users/zhiboc/repos/yuyan-worktrees/基础库-密码封套核验/库/标准库/语言核心/不安全。豫 | PID 15643 | 退出 0 | 运行 14/24 | 已完成 93
[完成] 语法解析：/Users/zhiboc/repos/yuyan-worktrees/基础库-密码封套核验/库/标准库/输入输出。豫 | PID 15643 | 退出 0 | 运行 13/24 | 已完成 94
[完成] 语法解析：/Users/zhiboc/repos/yuyan-worktrees/基础库-密码封套核验/库/标准库/数据结构/可选值。豫 | PID 15643 | 退出 0 | 运行 12/24 | 已完成 95
[启动] parse：/Users/zhiboc/repos/yuyan-worktrees/基础库-密码封套核验/库/标准库/数据结构/多态列。豫 | 运行 13/24
[完成] 语法解析：/Users/zhiboc/repos/yuyan-worktrees/基础库-密码封套核验/库/标准库/语言核心。豫 | PID 15643 | 退出 0 | 运行 12/24 | 已完成 96
[完成] 语法解析：/Users/zhiboc/repos/yuyan-worktrees/基础库-密码封套核验/库/标准库/网络/传输控制协议。豫 | PID 15643 | 退出 0 | 运行 11/24 | 已完成 97
[完成] 跨模块优化：/Users/zhiboc/repos/yuyan-worktrees/基础库-密码封套核验/库/标准库/数据结构/爻术。豫 | PID 15643 | 退出 0 | 运行 10/24 | 已完成 98
[启动] pre-closure-convert：/Users/zhiboc/repos/yuyan-worktrees/基础库-密码封套核验/库/标准库/数据结构/爻术。豫 | 运行 11/24
[完成] 跨模块优化：/Users/zhiboc/repos/yuyan-worktrees/基础库-密码封套核验/库/标准库/数学运算/大小。豫 | PID 15643 | 退出 0 | 运行 10/24 | 已完成 99
[启动] pre-closure-convert：/Users/zhiboc/repos/yuyan-worktrees/基础库-密码封套核验/库/标准库/数学运算/大小。豫 | 运行 11/24
[完成] 语法解析：/Users/zhiboc/repos/yuyan-worktrees/基础库-密码封套核验/库/标准库/操作系统/环境变量。豫 | PID 15643 | 退出 0 | 运行 10/24 | 已完成 100
[完成] 跨模块优化：/Users/zhiboc/repos/yuyan-worktrees/基础库-密码封套核验/库/标准库/语言核心/原语。内建。豫 | PID 15643 | 退出 0 | 运行 9/24 | 已完成 101
[启动] cross-module-optimize：/Users/zhiboc/repos/yuyan-worktrees/基础库-密码封套核验/库/标准库/语言核心/不安全。豫 | 运行 10/24
[启动] pre-closure-convert：/Users/zhiboc/repos/yuyan-worktrees/基础库-密码封套核验/库/标准库/语言核心/原语。内建。豫 | 运行 11/24
[完成] 类型检查：/Users/zhiboc/repos/yuyan-worktrees/基础库-密码封套核验/库/标准库/语言核心/引用。豫 | PID 15643 | 退出 0 | 运行 10/24 | 已完成 102
[启动] cross-module-optimize：/Users/zhiboc/repos/yuyan-worktrees/基础库-密码封套核验/库/标准库/语言核心/引用。豫 | 运行 11/24
[完成] 类型检查：/Users/zhiboc/repos/yuyan-worktrees/基础库-密码封套核验/库/标准库/数据结构/字节串。豫 | PID 15643 | 退出 0 | 运行 10/24 | 已完成 103
[启动] type-check-and-erase：/Users/zhiboc/repos/yuyan-worktrees/基础库-密码封套核验/库/标准库/宿主。接口。豫 | 运行 11/24
[启动] type-check-and-erase：/Users/zhiboc/repos/yuyan-worktrees/基础库-密码封套核验/库/标准库/数据结构/字节缓冲。豫 | 运行 12/24
[启动] cross-module-optimize：/Users/zhiboc/repos/yuyan-worktrees/基础库-密码封套核验/库/标准库/数据结构/字节串。豫 | 运行 13/24
[完成] 类型检查：/Users/zhiboc/repos/yuyan-worktrees/基础库-密码封套核验/库/标准库/数学运算/转换。豫 | PID 15643 | 退出 0 | 运行 12/24 | 已完成 104
[启动] cross-module-optimize：/Users/zhiboc/repos/yuyan-worktrees/基础库-密码封套核验/库/标准库/数学运算/转换。豫 | 运行 13/24
[完成] 类型检查：/Users/zhiboc/repos/yuyan-worktrees/基础库-密码封套核验/库/标准库/数据结构/小数术。豫 | PID 15643 | 退出 0 | 运行 12/24 | 已完成 105
[启动] cross-module-optimize：/Users/zhiboc/repos/yuyan-worktrees/基础库-密码封套核验/库/标准库/数据结构/小数术。豫 | 运行 13/24
[完成] 跨模块优化：/Users/zhiboc/repos/yuyan-worktrees/基础库-密码封套核验/库/标准库/语言核心/不安全。豫 | PID 15643 | 退出 0 | 运行 12/24 | 已完成 106
[启动] pre-closure-convert：/Users/zhiboc/repos/yuyan-worktrees/基础库-密码封套核验/库/标准库/语言核心/不安全。豫 | 运行 13/24
[完成] 闭包转换：/Users/zhiboc/repos/yuyan-worktrees/基础库-密码封套核验/库/标准库/数学运算/大小。豫 | PID 15643 | 退出 0 | 运行 12/24 | 已完成 107
[完成] 闭包转换：/Users/zhiboc/repos/yuyan-worktrees/基础库-密码封套核验/库/标准库/数据结构/爻术。豫 | PID 15643 | 退出 0 | 运行 11/24 | 已完成 108
[完成] 语法解析：/Users/zhiboc/repos/yuyan-worktrees/基础库-密码封套核验/库/标准库/数据结构/多态列。豫 | PID 15643 | 退出 0 | 运行 10/24 | 已完成 109
[启动] parse：/Users/zhiboc/repos/yuyan-worktrees/基础库-密码封套核验/库/标准库/宿主带列。接口。豫 | 运行 11/24
[启动] parse：/Users/zhiboc/repos/yuyan-worktrees/基础库-密码封套核验/库/标准库/数据结构/多态列工具。豫 | 运行 12/24
[启动] parse：/Users/zhiboc/repos/yuyan-worktrees/基础库-密码封套核验/库/标准库/数学运算/数组转换。豫 | 运行 13/24
[启动] parse：/Users/zhiboc/repos/yuyan-worktrees/基础库-密码封套核验/库/标准库/数学运算/具体列。豫 | 运行 14/24
[完成] 类型检查：/Users/zhiboc/repos/yuyan-worktrees/基础库-密码封套核验/库/标准库/语言核心/异步原语。豫 | PID 15643 | 退出 0 | 运行 13/24 | 已完成 110
[启动] cross-module-optimize：/Users/zhiboc/repos/yuyan-worktrees/基础库-密码封套核验/库/标准库/语言核心/异步原语。豫 | 运行 14/24
[完成] 类型检查：/Users/zhiboc/repos/yuyan-worktrees/基础库-密码封套核验/库/标准库/数据结构/整数操作。豫 | PID 15643 | 退出 0 | 运行 13/24 | 已完成 111
[启动] cross-module-optimize：/Users/zhiboc/repos/yuyan-worktrees/基础库-密码封套核验/库/标准库/数据结构/整数操作。豫 | 运行 14/24
[完成] 闭包转换：/Users/zhiboc/repos/yuyan-worktrees/基础库-密码封套核验/库/标准库/语言核心/不安全。豫 | PID 15643 | 退出 0 | 运行 13/24 | 已完成 112
[完成] 跨模块优化：/Users/zhiboc/repos/yuyan-worktrees/基础库-密码封套核验/库/标准库/数学运算/转换。豫 | PID 15643 | 退出 0 | 运行 12/24 | 已完成 113
[启动] pre-closure-convert：/Users/zhiboc/repos/yuyan-worktrees/基础库-密码封套核验/库/标准库/数学运算/转换。豫 | 运行 13/24
[完成] 跨模块优化：/Users/zhiboc/repos/yuyan-worktrees/基础库-密码封套核验/库/标准库/数据结构/字节串。豫 | PID 15643 | 退出 0 | 运行 12/24 | 已完成 114
[启动] pre-closure-convert：/Users/zhiboc/repos/yuyan-worktrees/基础库-密码封套核验/库/标准库/数据结构/字节串。豫 | 运行 13/24
[完成] 类型检查：/Users/zhiboc/repos/yuyan-worktrees/基础库-密码封套核验/库/标准库/数据结构/字节缓冲。豫 | PID 15643 | 退出 0 | 运行 12/24 | 已完成 115
[启动] cross-module-optimize：/Users/zhiboc/repos/yuyan-worktrees/基础库-密码封套核验/库/标准库/数据结构/字节缓冲。豫 | 运行 13/24
[完成] 类型检查：/Users/zhiboc/repos/yuyan-worktrees/基础库-密码封套核验/库/标准库/宿主。接口。豫 | PID 15643 | 退出 0 | 运行 12/24 | 已完成 116
[启动] type-check-and-erase：/Users/zhiboc/repos/yuyan-worktrees/基础库-密码封套核验/库/标准库/语言核心/异常。豫 | 运行 13/24
[启动] type-check-and-erase：/Users/zhiboc/repos/yuyan-worktrees/基础库-密码封套核验/库/标准库/输入输出/笔。豫 | 运行 14/24
[启动] type-check-and-erase：/Users/zhiboc/repos/yuyan-worktrees/基础库-密码封套核验/库/标准库/数据结构/小数操作。豫 | 运行 15/24
[启动] type-check-and-erase：/Users/zhiboc/repos/yuyan-worktrees/基础库-密码封套核验/库/标准库/网络/传输控制协议。豫 | 运行 16/24
[启动] type-check-and-erase：/Users/zhiboc/repos/yuyan-worktrees/基础库-密码封套核验/库/标准库/操作系统/进程。豫 | 运行 17/24
[启动] type-check-and-erase：/Users/zhiboc/repos/yuyan-worktrees/基础库-密码封套核验/库/标准库/操作系统/环境变量。豫 | 运行 18/24
[启动] type-check-and-erase：/Users/zhiboc/repos/yuyan-worktrees/基础库-密码封套核验/库/标准库/数学运算/随机。豫 | 运行 19/24
[启动] type-check-and-erase：/Users/zhiboc/repos/yuyan-worktrees/基础库-密码封套核验/库/标准库/操作系统/系统名称。豫 | 运行 20/24
[启动] cross-module-optimize：/Users/zhiboc/repos/yuyan-worktrees/基础库-密码封套核验/库/标准库/宿主。接口。豫 | 运行 21/24
[完成] 跨模块优化：/Users/zhiboc/repos/yuyan-worktrees/基础库-密码封套核验/库/标准库/语言核心/引用。豫 | PID 15643 | 退出 0 | 运行 20/24 | 已完成 117
[启动] pre-closure-convert：/Users/zhiboc/repos/yuyan-worktrees/基础库-密码封套核验/库/标准库/语言核心/引用。豫 | 运行 21/24
[完成] 闭包转换：/Users/zhiboc/repos/yuyan-worktrees/基础库-密码封套核验/库/标准库/语言核心/原语。内建。豫 | PID 15643 | 退出 0 | 运行 20/24 | 已完成 118
[完成] 闭包转换：/Users/zhiboc/repos/yuyan-worktrees/基础库-密码封套核验/库/标准库/数学运算/转换。豫 | PID 15643 | 退出 0 | 运行 19/24 | 已完成 119
[完成] 跨模块优化：/Users/zhiboc/repos/yuyan-worktrees/基础库-密码封套核验/库/标准库/数据结构/字节缓冲。豫 | PID 15643 | 退出 0 | 运行 18/24 | 已完成 120
[启动] pre-closure-convert：/Users/zhiboc/repos/yuyan-worktrees/基础库-密码封套核验/库/标准库/数据结构/字节缓冲。豫 | 运行 19/24
[完成] 类型检查：/Users/zhiboc/repos/yuyan-worktrees/基础库-密码封套核验/库/标准库/操作系统/环境变量。豫 | PID 15643 | 退出 0 | 运行 18/24 | 已完成 121
[完成] 类型检查：/Users/zhiboc/repos/yuyan-worktrees/基础库-密码封套核验/库/标准库/数学运算/随机。豫 | PID 15643 | 退出 0 | 运行 17/24 | 已完成 122
[完成] 闭包转换：/Users/zhiboc/repos/yuyan-worktrees/基础库-密码封套核验/库/标准库/语言核心/引用。豫 | PID 15643 | 退出 0 | 运行 16/24 | 已完成 123
[完成] 类型检查：/Users/zhiboc/repos/yuyan-worktrees/基础库-密码封套核验/库/标准库/操作系统/进程。豫 | PID 15643 | 退出 0 | 运行 15/24 | 已完成 124
[完成] 类型检查：/Users/zhiboc/repos/yuyan-worktrees/基础库-密码封套核验/库/标准库/输入输出/笔。豫 | PID 15643 | 退出 0 | 运行 14/24 | 已完成 125
[启动] type-check-and-erase：/Users/zhiboc/repos/yuyan-worktrees/基础库-密码封套核验/库/标准库/输入输出。豫 | 运行 15/24
[完成] 类型检查：/Users/zhiboc/repos/yuyan-worktrees/基础库-密码封套核验/库/标准库/语言核心/异常。豫 | PID 15643 | 退出 0 | 运行 14/24 | 已完成 126
[启动] type-check-and-erase：/Users/zhiboc/repos/yuyan-worktrees/基础库-密码封套核验/库/标准库/语言核心。豫 | 运行 15/24
[启动] type-check-and-erase：/Users/zhiboc/repos/yuyan-worktrees/基础库-密码封套核验/库/标准库/数据结构/可选值。豫 | 运行 16/24
[完成] 闭包转换：/Users/zhiboc/repos/yuyan-worktrees/基础库-密码封套核验/库/标准库/数据结构/字节串。豫 | PID 15643 | 退出 0 | 运行 15/24 | 已完成 127
[完成] 跨模块优化：/Users/zhiboc/repos/yuyan-worktrees/基础库-密码封套核验/库/标准库/语言核心/异步原语。豫 | PID 15643 | 退出 0 | 运行 14/24 | 已完成 128
[启动] pre-closure-convert：/Users/zhiboc/repos/yuyan-worktrees/基础库-密码封套核验/库/标准库/语言核心/异步原语。豫 | 运行 15/24
[完成] 语法解析：/Users/zhiboc/repos/yuyan-worktrees/基础库-密码封套核验/库/标准库/数学运算/具体列。豫 | PID 15643 | 退出 0 | 运行 14/24 | 已完成 129
[完成] 语法解析：/Users/zhiboc/repos/yuyan-worktrees/基础库-密码封套核验/库/标准库/数学运算/数组转换。豫 | PID 15643 | 退出 0 | 运行 13/24 | 已完成 130
[启动] parse：/Users/zhiboc/repos/yuyan-worktrees/基础库-密码封套核验/库/标准库/数学运算。豫 | 运行 14/24
[启动] parse：/Users/zhiboc/repos/yuyan-worktrees/基础库-密码封套核验/库/标准库/数据结构/字符流术。豫 | 运行 15/24
[完成] 语法解析：/Users/zhiboc/repos/yuyan-worktrees/基础库-密码封套核验/库/标准库/数据结构/多态列工具。豫 | PID 15643 | 退出 0 | 运行 14/24 | 已完成 131
[启动] parse：/Users/zhiboc/repos/yuyan-worktrees/基础库-密码封套核验/库/标准库/数据结构/字符串术。豫 | 运行 15/24
[完成] 语法解析：/Users/zhiboc/repos/yuyan-worktrees/基础库-密码封套核验/库/标准库/宿主带列。接口。豫 | PID 15643 | 退出 0 | 运行 14/24 | 已完成 132
[启动] parse：/Users/zhiboc/repos/yuyan-worktrees/基础库-密码封套核验/库/标准库/操作系统/命令行参数。豫 | 运行 15/24
[启动] parse：/Users/zhiboc/repos/yuyan-worktrees/基础库-密码封套核验/库/标准库/操作系统/文件系统。豫 | 运行 16/24
[启动] parse：/Users/zhiboc/repos/yuyan-worktrees/基础库-密码封套核验/库/标准库/控制/异步。豫 | 运行 17/24
[完成] 跨模块优化：/Users/zhiboc/repos/yuyan-worktrees/基础库-密码封套核验/库/标准库/数据结构/小数术。豫 | PID 15643 | 退出 0 | 运行 16/24 | 已完成 133
[启动] pre-closure-convert：/Users/zhiboc/repos/yuyan-worktrees/基础库-密码封套核验/库/标准库/数据结构/小数术。豫 | 运行 17/24
[完成] 类型检查：/Users/zhiboc/repos/yuyan-worktrees/基础库-密码封套核验/库/标准库/语言核心。豫 | PID 15643 | 退出 0 | 运行 16/24 | 已完成 134
[完成] 语法解析：/Users/zhiboc/repos/yuyan-worktrees/基础库-密码封套核验/库/标准库/数学运算。豫 | PID 15643 | 退出 0 | 运行 15/24 | 已完成 135
[完成] 闭包转换：/Users/zhiboc/repos/yuyan-worktrees/基础库-密码封套核验/库/标准库/数据结构/小数术。豫 | PID 15643 | 退出 0 | 运行 14/24 | 已完成 136
[完成] 语法解析：/Users/zhiboc/repos/yuyan-worktrees/基础库-密码封套核验/库/标准库/操作系统/命令行参数。豫 | PID 15643 | 退出 0 | 运行 13/24 | 已完成 137
[完成] 语法解析：/Users/zhiboc/repos/yuyan-worktrees/基础库-密码封套核验/库/标准库/数据结构/字符流术。豫 | PID 15643 | 退出 0 | 运行 12/24 | 已完成 138
[完成] 闭包转换：/Users/zhiboc/repos/yuyan-worktrees/基础库-密码封套核验/库/标准库/语言核心/异步原语。豫 | PID 15643 | 退出 0 | 运行 11/24 | 已完成 139
[完成] 类型检查：/Users/zhiboc/repos/yuyan-worktrees/基础库-密码封套核验/库/标准库/输入输出。豫 | PID 15643 | 退出 0 | 运行 10/24 | 已完成 140
[完成] 闭包转换：/Users/zhiboc/repos/yuyan-worktrees/基础库-密码封套核验/库/标准库/数据结构/字节缓冲。豫 | PID 15643 | 退出 0 | 运行 9/24 | 已完成 141
[完成] 跨模块优化：/Users/zhiboc/repos/yuyan-worktrees/基础库-密码封套核验/库/标准库/宿主。接口。豫 | PID 15643 | 退出 0 | 运行 8/24 | 已完成 142
[启动] cross-module-optimize：/Users/zhiboc/repos/yuyan-worktrees/基础库-密码封套核验/库/标准库/语言核心/异常。豫 | 运行 9/24
[启动] cross-module-optimize：/Users/zhiboc/repos/yuyan-worktrees/基础库-密码封套核验/库/标准库/输入输出/笔。豫 | 运行 10/24
[启动] cross-module-optimize：/Users/zhiboc/repos/yuyan-worktrees/基础库-密码封套核验/库/标准库/操作系统/进程。豫 | 运行 11/24
[启动] cross-module-optimize：/Users/zhiboc/repos/yuyan-worktrees/基础库-密码封套核验/库/标准库/操作系统/环境变量。豫 | 运行 12/24
[启动] cross-module-optimize：/Users/zhiboc/repos/yuyan-worktrees/基础库-密码封套核验/库/标准库/数学运算/随机。豫 | 运行 13/24
[启动] pre-closure-convert：/Users/zhiboc/repos/yuyan-worktrees/基础库-密码封套核验/库/标准库/宿主。接口。豫 | 运行 14/24
[完成] 类型检查：/Users/zhiboc/repos/yuyan-worktrees/基础库-密码封套核验/库/标准库/操作系统/系统名称。豫 | PID 15643 | 退出 0 | 运行 13/24 | 已完成 143
[启动] cross-module-optimize：/Users/zhiboc/repos/yuyan-worktrees/基础库-密码封套核验/库/标准库/操作系统/系统名称。豫 | 运行 14/24
[完成] 类型检查：/Users/zhiboc/repos/yuyan-worktrees/基础库-密码封套核验/库/标准库/网络/传输控制协议。豫 | PID 15643 | 退出 0 | 运行 13/24 | 已完成 144
[完成] 类型检查：/Users/zhiboc/repos/yuyan-worktrees/基础库-密码封套核验/库/标准库/数据结构/小数操作。豫 | PID 15643 | 退出 0 | 运行 12/24 | 已完成 145
[启动] type-check-and-erase：/Users/zhiboc/repos/yuyan-worktrees/基础库-密码封套核验/库/标准库/操作系统/时间。豫 | 运行 13/24
[启动] cross-module-optimize：/Users/zhiboc/repos/yuyan-worktrees/基础库-密码封套核验/库/标准库/数据结构/小数操作。豫 | 运行 14/24
[完成] 跨模块优化：/Users/zhiboc/repos/yuyan-worktrees/基础库-密码封套核验/库/标准库/数据结构/整数操作。豫 | PID 15643 | 退出 0 | 运行 13/24 | 已完成 146
[启动] cross-module-optimize：/Users/zhiboc/repos/yuyan-worktrees/基础库-密码封套核验/库/标准库/网络/传输控制协议。豫 | 运行 14/24
[启动] pre-closure-convert：/Users/zhiboc/repos/yuyan-worktrees/基础库-密码封套核验/库/标准库/数据结构/整数操作。豫 | 运行 15/24
[完成] 跨模块优化：/Users/zhiboc/repos/yuyan-worktrees/基础库-密码封套核验/库/标准库/语言核心/异常。豫 | PID 15643 | 退出 0 | 运行 14/24 | 已完成 147
[启动] cross-module-optimize：/Users/zhiboc/repos/yuyan-worktrees/基础库-密码封套核验/库/标准库/语言核心。豫 | 运行 15/24
[启动] pre-closure-convert：/Users/zhiboc/repos/yuyan-worktrees/基础库-密码封套核验/库/标准库/语言核心/异常。豫 | 运行 16/24
[完成] 跨模块优化：/Users/zhiboc/repos/yuyan-worktrees/基础库-密码封套核验/库/标准库/输入输出/笔。豫 | PID 15643 | 退出 0 | 运行 15/24 | 已完成 148
[启动] cross-module-optimize：/Users/zhiboc/repos/yuyan-worktrees/基础库-密码封套核验/库/标准库/输入输出。豫 | 运行 16/24
[启动] pre-closure-convert：/Users/zhiboc/repos/yuyan-worktrees/基础库-密码封套核验/库/标准库/输入输出/笔。豫 | 运行 17/24
[完成] 跨模块优化：/Users/zhiboc/repos/yuyan-worktrees/基础库-密码封套核验/库/标准库/操作系统/进程。豫 | PID 15643 | 退出 0 | 运行 16/24 | 已完成 149
[启动] pre-closure-convert：/Users/zhiboc/repos/yuyan-worktrees/基础库-密码封套核验/库/标准库/操作系统/进程。豫 | 运行 17/24
[完成] 跨模块优化：/Users/zhiboc/repos/yuyan-worktrees/基础库-密码封套核验/库/标准库/操作系统/环境变量。豫 | PID 15643 | 退出 0 | 运行 16/24 | 已完成 150
[启动] pre-closure-convert：/Users/zhiboc/repos/yuyan-worktrees/基础库-密码封套核验/库/标准库/操作系统/环境变量。豫 | 运行 17/24
[完成] 跨模块优化：/Users/zhiboc/repos/yuyan-worktrees/基础库-密码封套核验/库/标准库/数学运算/随机。豫 | PID 15643 | 退出 0 | 运行 16/24 | 已完成 151
[启动] pre-closure-convert：/Users/zhiboc/repos/yuyan-worktrees/基础库-密码封套核验/库/标准库/数学运算/随机。豫 | 运行 17/24
[完成] 闭包转换：/Users/zhiboc/repos/yuyan-worktrees/基础库-密码封套核验/库/标准库/宿主。接口。豫 | PID 15643 | 退出 0 | 运行 16/24 | 已完成 152
[完成] 跨模块优化：/Users/zhiboc/repos/yuyan-worktrees/基础库-密码封套核验/库/标准库/操作系统/系统名称。豫 | PID 15643 | 退出 0 | 运行 15/24 | 已完成 153
[启动] pre-closure-convert：/Users/zhiboc/repos/yuyan-worktrees/基础库-密码封套核验/库/标准库/操作系统/系统名称。豫 | 运行 16/24
[完成] 类型检查：/Users/zhiboc/repos/yuyan-worktrees/基础库-密码封套核验/库/标准库/操作系统/时间。豫 | PID 15643 | 退出 0 | 运行 15/24 | 已完成 154
[完成] 跨模块优化：/Users/zhiboc/repos/yuyan-worktrees/基础库-密码封套核验/库/标准库/数据结构/小数操作。豫 | PID 15643 | 退出 0 | 运行 14/24 | 已完成 155
[启动] cross-module-optimize：/Users/zhiboc/repos/yuyan-worktrees/基础库-密码封套核验/库/标准库/操作系统/时间。豫 | 运行 15/24
[启动] pre-closure-convert：/Users/zhiboc/repos/yuyan-worktrees/基础库-密码封套核验/库/标准库/数据结构/小数操作。豫 | 运行 16/24
[完成] 跨模块优化：/Users/zhiboc/repos/yuyan-worktrees/基础库-密码封套核验/库/标准库/网络/传输控制协议。豫 | PID 15643 | 退出 0 | 运行 15/24 | 已完成 156
[启动] pre-closure-convert：/Users/zhiboc/repos/yuyan-worktrees/基础库-密码封套核验/库/标准库/网络/传输控制协议。豫 | 运行 16/24
[完成] 闭包转换：/Users/zhiboc/repos/yuyan-worktrees/基础库-密码封套核验/库/标准库/数据结构/整数操作。豫 | PID 15643 | 退出 0 | 运行 15/24 | 已完成 157
[完成] 跨模块优化：/Users/zhiboc/repos/yuyan-worktrees/基础库-密码封套核验/库/标准库/语言核心。豫 | PID 15643 | 退出 0 | 运行 14/24 | 已完成 158
[启动] pre-closure-convert：/Users/zhiboc/repos/yuyan-worktrees/基础库-密码封套核验/库/标准库/语言核心。豫 | 运行 15/24
[完成] 闭包转换：/Users/zhiboc/repos/yuyan-worktrees/基础库-密码封套核验/库/标准库/语言核心/异常。豫 | PID 15643 | 退出 0 | 运行 14/24 | 已完成 159
[完成] 跨模块优化：/Users/zhiboc/repos/yuyan-worktrees/基础库-密码封套核验/库/标准库/输入输出。豫 | PID 15643 | 退出 0 | 运行 13/24 | 已完成 160
[启动] pre-closure-convert：/Users/zhiboc/repos/yuyan-worktrees/基础库-密码封套核验/库/标准库/输入输出。豫 | 运行 14/24
[完成] 闭包转换：/Users/zhiboc/repos/yuyan-worktrees/基础库-密码封套核验/库/标准库/输入输出/笔。豫 | PID 15643 | 退出 0 | 运行 13/24 | 已完成 161
[完成] 闭包转换：/Users/zhiboc/repos/yuyan-worktrees/基础库-密码封套核验/库/标准库/操作系统/进程。豫 | PID 15643 | 退出 0 | 运行 12/24 | 已完成 162
[完成] 闭包转换：/Users/zhiboc/repos/yuyan-worktrees/基础库-密码封套核验/库/标准库/操作系统/环境变量。豫 | PID 15643 | 退出 0 | 运行 11/24 | 已完成 163
[完成] 闭包转换：/Users/zhiboc/repos/yuyan-worktrees/基础库-密码封套核验/库/标准库/数学运算/随机。豫 | PID 15643 | 退出 0 | 运行 10/24 | 已完成 164
[完成] 语法解析：/Users/zhiboc/repos/yuyan-worktrees/基础库-密码封套核验/库/标准库/控制/异步。豫 | PID 15643 | 退出 0 | 运行 9/24 | 已完成 165
[启动] parse：/Users/zhiboc/repos/yuyan-worktrees/基础库-密码封套核验/库/标准库/控制。豫 | 运行 10/24
[启动] parse：/Users/zhiboc/repos/yuyan-worktrees/基础库-密码封套核验/库/标准库/网络/异步传输控制协议。豫 | 运行 11/24
[完成] 语法解析：/Users/zhiboc/repos/yuyan-worktrees/基础库-密码封套核验/库/标准库/操作系统/文件系统。豫 | PID 15643 | 退出 0 | 运行 10/24 | 已完成 166
[完成] 语法解析：/Users/zhiboc/repos/yuyan-worktrees/基础库-密码封套核验/库/标准库/数据结构/字符串术。豫 | PID 15643 | 退出 0 | 运行 9/24 | 已完成 167
[启动] parse：/Users/zhiboc/repos/yuyan-worktrees/基础库-密码封套核验/库/标准库/操作系统/子进程。豫 | 运行 10/24
[启动] parse：/Users/zhiboc/repos/yuyan-worktrees/基础库-密码封套核验/库/标准库/数据结构/特殊字符。豫 | 运行 11/24
[启动] parse：/Users/zhiboc/repos/yuyan-worktrees/基础库-密码封套核验/库/标准库/数据结构/对子术。豫 | 运行 12/24
[完成] 类型检查：/Users/zhiboc/repos/yuyan-worktrees/基础库-密码封套核验/库/标准库/数据结构/可选值。豫 | PID 15643 | 退出 0 | 运行 11/24 | 已完成 168
[启动] type-check-and-erase：/Users/zhiboc/repos/yuyan-worktrees/基础库-密码封套核验/库/标准库/数据结构/多态列。豫 | 运行 12/24
[启动] cross-module-optimize：/Users/zhiboc/repos/yuyan-worktrees/基础库-密码封套核验/库/标准库/数据结构/可选值。豫 | 运行 13/24
[完成] 语法解析：/Users/zhiboc/repos/yuyan-worktrees/基础库-密码封套核验/库/标准库/控制。豫 | PID 15643 | 退出 0 | 运行 12/24 | 已完成 169
[完成] 语法解析：/Users/zhiboc/repos/yuyan-worktrees/基础库-密码封套核验/库/标准库/数据结构/对子术。豫 | PID 15643 | 退出 0 | 运行 11/24 | 已完成 170
[启动] parse：/Users/zhiboc/repos/yuyan-worktrees/基础库-密码封套核验/库/标准库/数据结构/列表搜索。豫 | 运行 12/24
[完成] 语法解析：/Users/zhiboc/repos/yuyan-worktrees/基础库-密码封套核验/库/标准库/数据结构/特殊字符。豫 | PID 15643 | 退出 0 | 运行 11/24 | 已完成 171
[启动] parse：/Users/zhiboc/repos/yuyan-worktrees/基础库-密码封套核验/库/标准库/网络/超文本传输协议。豫 | 运行 12/24
[完成] 闭包转换：/Users/zhiboc/repos/yuyan-worktrees/基础库-密码封套核验/库/标准库/输入输出。豫 | PID 15643 | 退出 0 | 运行 11/24 | 已完成 172
[完成] 闭包转换：/Users/zhiboc/repos/yuyan-worktrees/基础库-密码封套核验/库/标准库/语言核心。豫 | PID 15643 | 退出 0 | 运行 10/24 | 已完成 173
[完成] 闭包转换：/Users/zhiboc/repos/yuyan-worktrees/基础库-密码封套核验/库/标准库/网络/传输控制协议。豫 | PID 15643 | 退出 0 | 运行 9/24 | 已完成 174
[完成] 闭包转换：/Users/zhiboc/repos/yuyan-worktrees/基础库-密码封套核验/库/标准库/数据结构/小数操作。豫 | PID 15643 | 退出 0 | 运行 8/24 | 已完成 175
[完成] 跨模块优化：/Users/zhiboc/repos/yuyan-worktrees/基础库-密码封套核验/库/标准库/操作系统/时间。豫 | PID 15643 | 退出 0 | 运行 7/24 | 已完成 176
[启动] pre-closure-convert：/Users/zhiboc/repos/yuyan-worktrees/基础库-密码封套核验/库/标准库/操作系统/时间。豫 | 运行 8/24
[完成] 闭包转换：/Users/zhiboc/repos/yuyan-worktrees/基础库-密码封套核验/库/标准库/操作系统/系统名称。豫 | PID 15643 | 退出 0 | 运行 7/24 | 已完成 177
[完成] 语法解析：/Users/zhiboc/repos/yuyan-worktrees/基础库-密码封套核验/库/标准库/数据结构/列表搜索。豫 | PID 15643 | 退出 0 | 运行 6/24 | 已完成 178
[启动] parse：/Users/zhiboc/repos/yuyan-worktrees/基础库-密码封套核验/库/标准库/数据结构/字典术。豫 | 运行 7/24
[完成] 闭包转换：/Users/zhiboc/repos/yuyan-worktrees/基础库-密码封套核验/库/标准库/操作系统/时间。豫 | PID 15643 | 退出 0 | 运行 6/24 | 已完成 179
[完成] 跨模块优化：/Users/zhiboc/repos/yuyan-worktrees/基础库-密码封套核验/库/标准库/数据结构/可选值。豫 | PID 15643 | 退出 0 | 运行 5/24 | 已完成 180
[启动] pre-closure-convert：/Users/zhiboc/repos/yuyan-worktrees/基础库-密码封套核验/库/标准库/数据结构/可选值。豫 | 运行 6/24
[完成] 类型检查：/Users/zhiboc/repos/yuyan-worktrees/基础库-密码封套核验/库/标准库/数据结构/多态列。豫 | PID 15643 | 退出 0 | 运行 5/24 | 已完成 181
[启动] type-check-and-erase：/Users/zhiboc/repos/yuyan-worktrees/基础库-密码封套核验/库/标准库/宿主带列。接口。豫 | 运行 6/24
[启动] type-check-and-erase：/Users/zhiboc/repos/yuyan-worktrees/基础库-密码封套核验/库/标准库/数据结构/多态列工具。豫 | 运行 7/24
[启动] type-check-and-erase：/Users/zhiboc/repos/yuyan-worktrees/基础库-密码封套核验/库/标准库/数学运算/数组转换。豫 | 运行 8/24
[启动] type-check-and-erase：/Users/zhiboc/repos/yuyan-worktrees/基础库-密码封套核验/库/标准库/数学运算/具体列。豫 | 运行 9/24
[启动] cross-module-optimize：/Users/zhiboc/repos/yuyan-worktrees/基础库-密码封套核验/库/标准库/数据结构/多态列。豫 | 运行 10/24
[完成] 语法解析：/Users/zhiboc/repos/yuyan-worktrees/基础库-密码封套核验/库/标准库/操作系统/子进程。豫 | PID 15643 | 退出 0 | 运行 9/24 | 已完成 182
[完成] 语法解析：/Users/zhiboc/repos/yuyan-worktrees/基础库-密码封套核验/库/标准库/网络/异步传输控制协议。豫 | PID 15643 | 退出 0 | 运行 8/24 | 已完成 183
[完成] 类型检查：/Users/zhiboc/repos/yuyan-worktrees/基础库-密码封套核验/库/标准库/宿主带列。接口。豫 | PID 15643 | 退出 0 | 运行 7/24 | 已完成 184
[启动] type-check-and-erase：/Users/zhiboc/repos/yuyan-worktrees/基础库-密码封套核验/库/标准库/操作系统/命令行参数。豫 | 运行 8/24
[启动] type-check-and-erase：/Users/zhiboc/repos/yuyan-worktrees/基础库-密码封套核验/库/标准库/操作系统/文件系统。豫 | 运行 9/24
[启动] type-check-and-erase：/Users/zhiboc/repos/yuyan-worktrees/基础库-密码封套核验/库/标准库/控制/异步。豫 | 运行 10/24
[完成] 闭包转换：/Users/zhiboc/repos/yuyan-worktrees/基础库-密码封套核验/库/标准库/数据结构/可选值。豫 | PID 15643 | 退出 0 | 运行 9/24 | 已完成 185
[完成] 语法解析：/Users/zhiboc/repos/yuyan-worktrees/基础库-密码封套核验/库/标准库/数据结构/字典术。豫 | PID 15643 | 退出 0 | 运行 8/24 | 已完成 186
[启动] parse：/Users/zhiboc/repos/yuyan-worktrees/基础库-密码封套核验/库/标准库/数据结构。豫 | 运行 9/24
[启动] parse：/Users/zhiboc/repos/yuyan-worktrees/基础库-密码封套核验/库/标准库/豫言标准内核。豫 | 运行 10/24
[完成] 语法解析：/Users/zhiboc/repos/yuyan-worktrees/基础库-密码封套核验/库/标准库/网络/超文本传输协议。豫 | PID 15643 | 退出 0 | 运行 9/24 | 已完成 187
[启动] parse：/Users/zhiboc/repos/yuyan-worktrees/基础库-密码封套核验/库/标准库/网络。豫 | 运行 10/24
[完成] 跨模块优化：/Users/zhiboc/repos/yuyan-worktrees/基础库-密码封套核验/库/标准库/数据结构/多态列。豫 | PID 15643 | 退出 0 | 运行 9/24 | 已完成 188
[启动] cross-module-optimize：/Users/zhiboc/repos/yuyan-worktrees/基础库-密码封套核验/库/标准库/宿主带列。接口。豫 | 运行 10/24
[启动] pre-closure-convert：/Users/zhiboc/repos/yuyan-worktrees/基础库-密码封套核验/库/标准库/数据结构/多态列。豫 | 运行 11/24
[完成] 类型检查：/Users/zhiboc/repos/yuyan-worktrees/基础库-密码封套核验/库/标准库/数学运算/具体列。豫 | PID 15643 | 退出 0 | 运行 10/24 | 已完成 189
[启动] cross-module-optimize：/Users/zhiboc/repos/yuyan-worktrees/基础库-密码封套核验/库/标准库/数学运算/具体列。豫 | 运行 11/24
[完成] 类型检查：/Users/zhiboc/repos/yuyan-worktrees/基础库-密码封套核验/库/标准库/数学运算/数组转换。豫 | PID 15643 | 退出 0 | 运行 10/24 | 已完成 190
[启动] type-check-and-erase：/Users/zhiboc/repos/yuyan-worktrees/基础库-密码封套核验/库/标准库/数学运算。豫 | 运行 11/24
[启动] type-check-and-erase：/Users/zhiboc/repos/yuyan-worktrees/基础库-密码封套核验/库/标准库/数据结构/字符流术。豫 | 运行 12/24
[启动] cross-module-optimize：/Users/zhiboc/repos/yuyan-worktrees/基础库-密码封套核验/库/标准库/数学运算/数组转换。豫 | 运行 13/24
[完成] 闭包转换：/Users/zhiboc/repos/yuyan-worktrees/基础库-密码封套核验/库/标准库/数据结构/多态列。豫 | PID 15643 | 退出 0 | 运行 12/24 | 已完成 191
[完成] 跨模块优化：/Users/zhiboc/repos/yuyan-worktrees/基础库-密码封套核验/库/标准库/数学运算/具体列。豫 | PID 15643 | 退出 0 | 运行 11/24 | 已完成 192
[启动] pre-closure-convert：/Users/zhiboc/repos/yuyan-worktrees/基础库-密码封套核验/库/标准库/数学运算/具体列。豫 | 运行 12/24
[完成] 跨模块优化：/Users/zhiboc/repos/yuyan-worktrees/基础库-密码封套核验/库/标准库/宿主带列。接口。豫 | PID 15643 | 退出 0 | 运行 11/24 | 已完成 193
[启动] pre-closure-convert：/Users/zhiboc/repos/yuyan-worktrees/基础库-密码封套核验/库/标准库/宿主带列。接口。豫 | 运行 12/24
[完成] 语法解析：/Users/zhiboc/repos/yuyan-worktrees/基础库-密码封套核验/库/标准库/网络。豫 | PID 15643 | 退出 0 | 运行 11/24 | 已完成 194
[完成] 语法解析：/Users/zhiboc/repos/yuyan-worktrees/基础库-密码封套核验/库/标准库/豫言标准内核。豫 | PID 15643 | 退出 0 | 运行 10/24 | 已完成 195
[启动] parse：/Users/zhiboc/repos/yuyan-worktrees/基础库-密码封套核验/库/标准库/操作系统/路径。豫 | 运行 11/24
[完成] 语法解析：/Users/zhiboc/repos/yuyan-worktrees/基础库-密码封套核验/库/标准库/数据结构。豫 | PID 15643 | 退出 0 | 运行 10/24 | 已完成 196
[完成] 类型检查：/Users/zhiboc/repos/yuyan-worktrees/基础库-密码封套核验/库/标准库/操作系统/文件系统。豫 | PID 15643 | 退出 0 | 运行 9/24 | 已完成 197
[启动] cross-module-optimize：/Users/zhiboc/repos/yuyan-worktrees/基础库-密码封套核验/库/标准库/操作系统/文件系统。豫 | 运行 10/24
[完成] 类型检查：/Users/zhiboc/repos/yuyan-worktrees/基础库-密码封套核验/库/标准库/操作系统/命令行参数。豫 | PID 15643 | 退出 0 | 运行 9/24 | 已完成 198
[启动] cross-module-optimize：/Users/zhiboc/repos/yuyan-worktrees/基础库-密码封套核验/库/标准库/操作系统/命令行参数。豫 | 运行 10/24
[完成] 类型检查：/Users/zhiboc/repos/yuyan-worktrees/基础库-密码封套核验/库/标准库/数据结构/多态列工具。豫 | PID 15643 | 退出 0 | 运行 9/24 | 已完成 199
[启动] type-check-and-erase：/Users/zhiboc/repos/yuyan-worktrees/基础库-密码封套核验/库/标准库/数据结构/字符串术。豫 | 运行 10/24
[启动] cross-module-optimize：/Users/zhiboc/repos/yuyan-worktrees/基础库-密码封套核验/库/标准库/数据结构/多态列工具。豫 | 运行 11/24
[完成] 跨模块优化：/Users/zhiboc/repos/yuyan-worktrees/基础库-密码封套核验/库/标准库/操作系统/文件系统。豫 | PID 15643 | 退出 0 | 运行 10/24 | 已完成 200
[启动] pre-closure-convert：/Users/zhiboc/repos/yuyan-worktrees/基础库-密码封套核验/库/标准库/操作系统/文件系统。豫 | 运行 11/24
[完成] 闭包转换：/Users/zhiboc/repos/yuyan-worktrees/基础库-密码封套核验/库/标准库/操作系统/文件系统。豫 | PID 15643 | 退出 0 | 运行 10/24 | 已完成 201
[完成] 跨模块优化：/Users/zhiboc/repos/yuyan-worktrees/基础库-密码封套核验/库/标准库/数据结构/多态列工具。豫 | PID 15643 | 退出 0 | 运行 9/24 | 已完成 202
[启动] pre-closure-convert：/Users/zhiboc/repos/yuyan-worktrees/基础库-密码封套核验/库/标准库/数据结构/多态列工具。豫 | 运行 10/24
[完成] 闭包转换：/Users/zhiboc/repos/yuyan-worktrees/基础库-密码封套核验/库/标准库/宿主带列。接口。豫 | PID 15643 | 退出 0 | 运行 9/24 | 已完成 203
[完成] 闭包转换：/Users/zhiboc/repos/yuyan-worktrees/基础库-密码封套核验/库/标准库/数学运算/具体列。豫 | PID 15643 | 退出 0 | 运行 8/24 | 已完成 204
[完成] 跨模块优化：/Users/zhiboc/repos/yuyan-worktrees/基础库-密码封套核验/库/标准库/数学运算/数组转换。豫 | PID 15643 | 退出 0 | 运行 7/24 | 已完成 205
[启动] pre-closure-convert：/Users/zhiboc/repos/yuyan-worktrees/基础库-密码封套核验/库/标准库/数学运算/数组转换。豫 | 运行 8/24
[完成] 类型检查：/Users/zhiboc/repos/yuyan-worktrees/基础库-密码封套核验/库/标准库/数据结构/字符流术。豫 | PID 15643 | 退出 0 | 运行 7/24 | 已完成 206
[启动] cross-module-optimize：/Users/zhiboc/repos/yuyan-worktrees/基础库-密码封套核验/库/标准库/数据结构/字符流术。豫 | 运行 8/24
[完成] 类型检查：/Users/zhiboc/repos/yuyan-worktrees/基础库-密码封套核验/库/标准库/数学运算。豫 | PID 15643 | 退出 0 | 运行 7/24 | 已完成 207
[启动] cross-module-optimize：/Users/zhiboc/repos/yuyan-worktrees/基础库-密码封套核验/库/标准库/数学运算。豫 | 运行 8/24
[完成] 类型检查：/Users/zhiboc/repos/yuyan-worktrees/基础库-密码封套核验/库/标准库/控制/异步。豫 | PID 15643 | 退出 0 | 运行 7/24 | 已完成 208
[启动] type-check-and-erase：/Users/zhiboc/repos/yuyan-worktrees/基础库-密码封套核验/库/标准库/控制。豫 | 运行 8/24
[启动] type-check-and-erase：/Users/zhiboc/repos/yuyan-worktrees/基础库-密码封套核验/库/标准库/网络/异步传输控制协议。豫 | 运行 9/24
[启动] cross-module-optimize：/Users/zhiboc/repos/yuyan-worktrees/基础库-密码封套核验/库/标准库/控制/异步。豫 | 运行 10/24
[完成] 闭包转换：/Users/zhiboc/repos/yuyan-worktrees/基础库-密码封套核验/库/标准库/数据结构/多态列工具。豫 | PID 15643 | 退出 0 | 运行 9/24 | 已完成 209
[完成] 闭包转换：/Users/zhiboc/repos/yuyan-worktrees/基础库-密码封套核验/库/标准库/数学运算/数组转换。豫 | PID 15643 | 退出 0 | 运行 8/24 | 已完成 210
[完成] 跨模块优化：/Users/zhiboc/repos/yuyan-worktrees/基础库-密码封套核验/库/标准库/数据结构/字符流术。豫 | PID 15643 | 退出 0 | 运行 7/24 | 已完成 211
[启动] pre-closure-convert：/Users/zhiboc/repos/yuyan-worktrees/基础库-密码封套核验/库/标准库/数据结构/字符流术。豫 | 运行 8/24
[完成] 跨模块优化：/Users/zhiboc/repos/yuyan-worktrees/基础库-密码封套核验/库/标准库/数学运算。豫 | PID 15643 | 退出 0 | 运行 7/24 | 已完成 212
[启动] pre-closure-convert：/Users/zhiboc/repos/yuyan-worktrees/基础库-密码封套核验/库/标准库/数学运算。豫 | 运行 8/24
[完成] 类型检查：/Users/zhiboc/repos/yuyan-worktrees/基础库-密码封套核验/库/标准库/控制。豫 | PID 15643 | 退出 0 | 运行 7/24 | 已完成 213
[完成] 跨模块优化：/Users/zhiboc/repos/yuyan-worktrees/基础库-密码封套核验/库/标准库/控制/异步。豫 | PID 15643 | 退出 0 | 运行 6/24 | 已完成 214
[启动] cross-module-optimize：/Users/zhiboc/repos/yuyan-worktrees/基础库-密码封套核验/库/标准库/控制。豫 | 运行 7/24
[启动] pre-closure-convert：/Users/zhiboc/repos/yuyan-worktrees/基础库-密码封套核验/库/标准库/控制/异步。豫 | 运行 8/24
[完成] 闭包转换：/Users/zhiboc/repos/yuyan-worktrees/基础库-密码封套核验/库/标准库/数据结构/字符流术。豫 | PID 15643 | 退出 0 | 运行 7/24 | 已完成 215
[完成] 类型检查：/Users/zhiboc/repos/yuyan-worktrees/基础库-密码封套核验/库/标准库/数据结构/字符串术。豫 | PID 15643 | 退出 0 | 运行 6/24 | 已完成 216
[启动] type-check-and-erase：/Users/zhiboc/repos/yuyan-worktrees/基础库-密码封套核验/库/标准库/操作系统/子进程。豫 | 运行 7/24
[启动] type-check-and-erase：/Users/zhiboc/repos/yuyan-worktrees/基础库-密码封套核验/库/标准库/数据结构/特殊字符。豫 | 运行 8/24
[启动] type-check-and-erase：/Users/zhiboc/repos/yuyan-worktrees/基础库-密码封套核验/库/标准库/数据结构/对子术。豫 | 运行 9/24
[启动] cross-module-optimize：/Users/zhiboc/repos/yuyan-worktrees/基础库-密码封套核验/库/标准库/数据结构/字符串术。豫 | 运行 10/24
[完成] 跨模块优化：/Users/zhiboc/repos/yuyan-worktrees/基础库-密码封套核验/库/标准库/操作系统/命令行参数。豫 | PID 15643 | 退出 0 | 运行 9/24 | 已完成 217
[启动] pre-closure-convert：/Users/zhiboc/repos/yuyan-worktrees/基础库-密码封套核验/库/标准库/操作系统/命令行参数。豫 | 运行 10/24
[完成] 语法解析：/Users/zhiboc/repos/yuyan-worktrees/基础库-密码封套核验/库/标准库/操作系统/路径。豫 | PID 15643 | 退出 0 | 运行 9/24 | 已完成 218
[启动] parse：/Users/zhiboc/repos/yuyan-worktrees/基础库-密码封套核验/库/标准库/操作系统。豫 | 运行 10/24
[完成] 闭包转换：/Users/zhiboc/repos/yuyan-worktrees/基础库-密码封套核验/库/标准库/控制/异步。豫 | PID 15643 | 退出 0 | 运行 9/24 | 已完成 219
[完成] 跨模块优化：/Users/zhiboc/repos/yuyan-worktrees/基础库-密码封套核验/库/标准库/控制。豫 | PID 15643 | 退出 0 | 运行 8/24 | 已完成 220
[启动] pre-closure-convert：/Users/zhiboc/repos/yuyan-worktrees/基础库-密码封套核验/库/标准库/控制。豫 | 运行 9/24
[完成] 闭包转换：/Users/zhiboc/repos/yuyan-worktrees/基础库-密码封套核验/库/标准库/数学运算。豫 | PID 15643 | 退出 0 | 运行 8/24 | 已完成 221
[完成] 类型检查：/Users/zhiboc/repos/yuyan-worktrees/基础库-密码封套核验/库/标准库/网络/异步传输控制协议。豫 | PID 15643 | 退出 0 | 运行 7/24 | 已完成 222
[启动] cross-module-optimize：/Users/zhiboc/repos/yuyan-worktrees/基础库-密码封套核验/库/标准库/网络/异步传输控制协议。豫 | 运行 8/24
[完成] 语法解析：/Users/zhiboc/repos/yuyan-worktrees/基础库-密码封套核验/库/标准库/操作系统。豫 | PID 15643 | 退出 0 | 运行 7/24 | 已完成 223
[启动] parse：/Users/zhiboc/repos/yuyan-worktrees/基础库-密码封套核验/库/标准库/总集。豫 | 运行 8/24
[完成] 类型检查：/Users/zhiboc/repos/yuyan-worktrees/基础库-密码封套核验/库/标准库/数据结构/对子术。豫 | PID 15643 | 退出 0 | 运行 7/24 | 已完成 224
[启动] type-check-and-erase：/Users/zhiboc/repos/yuyan-worktrees/基础库-密码封套核验/库/标准库/数据结构/列表搜索。豫 | 运行 8/24
[完成] 类型检查：/Users/zhiboc/repos/yuyan-worktrees/基础库-密码封套核验/库/标准库/数据结构/特殊字符。豫 | PID 15643 | 退出 0 | 运行 7/24 | 已完成 225
[启动] type-check-and-erase：/Users/zhiboc/repos/yuyan-worktrees/基础库-密码封套核验/库/标准库/网络/超文本传输协议。豫 | 运行 8/24
[完成] 类型检查：/Users/zhiboc/repos/yuyan-worktrees/基础库-密码封套核验/库/标准库/操作系统/子进程。豫 | PID 15643 | 退出 0 | 运行 7/24 | 已完成 226
[完成] 语法解析：/Users/zhiboc/repos/yuyan-worktrees/基础库-密码封套核验/库/标准库/总集。豫 | PID 15643 | 退出 0 | 运行 6/24 | 已完成 227
[启动] parse：/Users/zhiboc/repos/yuyan-worktrees/基础库-密码封套核验/库/标准库/草稿/yy封套常量生成。豫 | 运行 7/24
[完成] 跨模块优化：/Users/zhiboc/repos/yuyan-worktrees/基础库-密码封套核验/库/标准库/网络/异步传输控制协议。豫 | PID 15643 | 退出 0 | 运行 6/24 | 已完成 228
[启动] pre-closure-convert：/Users/zhiboc/repos/yuyan-worktrees/基础库-密码封套核验/库/标准库/网络/异步传输控制协议。豫 | 运行 7/24
[完成] 闭包转换：/Users/zhiboc/repos/yuyan-worktrees/基础库-密码封套核验/库/标准库/控制。豫 | PID 15643 | 退出 0 | 运行 6/24 | 已完成 229
[完成] 闭包转换：/Users/zhiboc/repos/yuyan-worktrees/基础库-密码封套核验/库/标准库/操作系统/命令行参数。豫 | PID 15643 | 退出 0 | 运行 5/24 | 已完成 230
[完成] 跨模块优化：/Users/zhiboc/repos/yuyan-worktrees/基础库-密码封套核验/库/标准库/数据结构/字符串术。豫 | PID 15643 | 退出 0 | 运行 4/24 | 已完成 231
[启动] cross-module-optimize：/Users/zhiboc/repos/yuyan-worktrees/基础库-密码封套核验/库/标准库/操作系统/子进程。豫 | 运行 5/24
[启动] cross-module-optimize：/Users/zhiboc/repos/yuyan-worktrees/基础库-密码封套核验/库/标准库/数据结构/特殊字符。豫 | 运行 6/24
[启动] cross-module-optimize：/Users/zhiboc/repos/yuyan-worktrees/基础库-密码封套核验/库/标准库/数据结构/对子术。豫 | 运行 7/24
[启动] pre-closure-convert：/Users/zhiboc/repos/yuyan-worktrees/基础库-密码封套核验/库/标准库/数据结构/字符串术。豫 | 运行 8/24
[完成] 闭包转换：/Users/zhiboc/repos/yuyan-worktrees/基础库-密码封套核验/库/标准库/网络/异步传输控制协议。豫 | PID 15643 | 退出 0 | 运行 7/24 | 已完成 232
[完成] 闭包转换：/Users/zhiboc/repos/yuyan-worktrees/基础库-密码封套核验/库/标准库/数据结构/字符串术。豫 | PID 15643 | 退出 0 | 运行 6/24 | 已完成 233
[完成] 语法解析：/Users/zhiboc/repos/yuyan-worktrees/基础库-密码封套核验/库/标准库/草稿/yy封套常量生成。豫 | PID 15643 | 退出 0 | 运行 5/24 | 已完成 234
[完成] 类型检查：/Users/zhiboc/repos/yuyan-worktrees/基础库-密码封套核验/库/标准库/数据结构/列表搜索。豫 | PID 15643 | 退出 0 | 运行 4/24 | 已完成 235
[启动] type-check-and-erase：/Users/zhiboc/repos/yuyan-worktrees/基础库-密码封套核验/库/标准库/数据结构/字典术。豫 | 运行 5/24
[完成] 跨模块优化：/Users/zhiboc/repos/yuyan-worktrees/基础库-密码封套核验/库/标准库/数据结构/特殊字符。豫 | PID 15643 | 退出 0 | 运行 4/24 | 已完成 236
[启动] pre-closure-convert：/Users/zhiboc/repos/yuyan-worktrees/基础库-密码封套核验/库/标准库/数据结构/特殊字符。豫 | 运行 5/24
[完成] 跨模块优化：/Users/zhiboc/repos/yuyan-worktrees/基础库-密码封套核验/库/标准库/数据结构/对子术。豫 | PID 15643 | 退出 0 | 运行 4/24 | 已完成 237
[启动] cross-module-optimize：/Users/zhiboc/repos/yuyan-worktrees/基础库-密码封套核验/库/标准库/数据结构/列表搜索。豫 | 运行 5/24
[启动] pre-closure-convert：/Users/zhiboc/repos/yuyan-worktrees/基础库-密码封套核验/库/标准库/数据结构/对子术。豫 | 运行 6/24
[完成] 跨模块优化：/Users/zhiboc/repos/yuyan-worktrees/基础库-密码封套核验/库/标准库/操作系统/子进程。豫 | PID 15643 | 退出 0 | 运行 5/24 | 已完成 238
[启动] pre-closure-convert：/Users/zhiboc/repos/yuyan-worktrees/基础库-密码封套核验/库/标准库/操作系统/子进程。豫 | 运行 6/24
[完成] 类型检查：/Users/zhiboc/repos/yuyan-worktrees/基础库-密码封套核验/库/标准库/网络/超文本传输协议。豫 | PID 15643 | 退出 0 | 运行 5/24 | 已完成 239
[启动] type-check-and-erase：/Users/zhiboc/repos/yuyan-worktrees/基础库-密码封套核验/库/标准库/网络。豫 | 运行 6/24
[启动] cross-module-optimize：/Users/zhiboc/repos/yuyan-worktrees/基础库-密码封套核验/库/标准库/网络/超文本传输协议。豫 | 运行 7/24
[完成] 闭包转换：/Users/zhiboc/repos/yuyan-worktrees/基础库-密码封套核验/库/标准库/操作系统/子进程。豫 | PID 15643 | 退出 0 | 运行 6/24 | 已完成 240
[完成] 闭包转换：/Users/zhiboc/repos/yuyan-worktrees/基础库-密码封套核验/库/标准库/数据结构/对子术。豫 | PID 15643 | 退出 0 | 运行 5/24 | 已完成 241
[完成] 闭包转换：/Users/zhiboc/repos/yuyan-worktrees/基础库-密码封套核验/库/标准库/数据结构/特殊字符。豫 | PID 15643 | 退出 0 | 运行 4/24 | 已完成 242
[完成] 类型检查：/Users/zhiboc/repos/yuyan-worktrees/基础库-密码封套核验/库/标准库/数据结构/字典术。豫 | PID 15643 | 退出 0 | 运行 3/24 | 已完成 243
[启动] type-check-and-erase：/Users/zhiboc/repos/yuyan-worktrees/基础库-密码封套核验/库/标准库/数据结构。豫 | 运行 4/24
[启动] type-check-and-erase：/Users/zhiboc/repos/yuyan-worktrees/基础库-密码封套核验/库/标准库/豫言标准内核。豫 | 运行 5/24
[完成] 跨模块优化：/Users/zhiboc/repos/yuyan-worktrees/基础库-密码封套核验/库/标准库/数据结构/列表搜索。豫 | PID 15643 | 退出 0 | 运行 4/24 | 已完成 244
[启动] cross-module-optimize：/Users/zhiboc/repos/yuyan-worktrees/基础库-密码封套核验/库/标准库/数据结构/字典术。豫 | 运行 5/24
[启动] pre-closure-convert：/Users/zhiboc/repos/yuyan-worktrees/基础库-密码封套核验/库/标准库/数据结构/列表搜索。豫 | 运行 6/24
[完成] 类型检查：/Users/zhiboc/repos/yuyan-worktrees/基础库-密码封套核验/库/标准库/网络。豫 | PID 15643 | 退出 0 | 运行 5/24 | 已完成 245
[完成] 跨模块优化：/Users/zhiboc/repos/yuyan-worktrees/基础库-密码封套核验/库/标准库/数据结构/字典术。豫 | PID 15643 | 退出 0 | 运行 4/24 | 已完成 246
[启动] pre-closure-convert：/Users/zhiboc/repos/yuyan-worktrees/基础库-密码封套核验/库/标准库/数据结构/字典术。豫 | 运行 5/24
[完成] 跨模块优化：/Users/zhiboc/repos/yuyan-worktrees/基础库-密码封套核验/库/标准库/网络/超文本传输协议。豫 | PID 15643 | 退出 0 | 运行 4/24 | 已完成 247
[启动] cross-module-optimize：/Users/zhiboc/repos/yuyan-worktrees/基础库-密码封套核验/库/标准库/网络。豫 | 运行 5/24
[启动] pre-closure-convert：/Users/zhiboc/repos/yuyan-worktrees/基础库-密码封套核验/库/标准库/网络/超文本传输协议。豫 | 运行 6/24
[完成] 闭包转换：/Users/zhiboc/repos/yuyan-worktrees/基础库-密码封套核验/库/标准库/数据结构/字典术。豫 | PID 15643 | 退出 0 | 运行 5/24 | 已完成 248
[完成] 类型检查：/Users/zhiboc/repos/yuyan-worktrees/基础库-密码封套核验/库/标准库/数据结构。豫 | PID 15643 | 退出 0 | 运行 4/24 | 已完成 249
[启动] cross-module-optimize：/Users/zhiboc/repos/yuyan-worktrees/基础库-密码封套核验/库/标准库/数据结构。豫 | 运行 5/24
[完成] 闭包转换：/Users/zhiboc/repos/yuyan-worktrees/基础库-密码封套核验/库/标准库/数据结构/列表搜索。豫 | PID 15643 | 退出 0 | 运行 4/24 | 已完成 250
[完成] 类型检查：/Users/zhiboc/repos/yuyan-worktrees/基础库-密码封套核验/库/标准库/豫言标准内核。豫 | PID 15643 | 退出 0 | 运行 3/24 | 已完成 251
[启动] type-check-and-erase：/Users/zhiboc/repos/yuyan-worktrees/基础库-密码封套核验/库/标准库/操作系统/路径。豫 | 运行 4/24
[启动] cross-module-optimize：/Users/zhiboc/repos/yuyan-worktrees/基础库-密码封套核验/库/标准库/豫言标准内核。豫 | 运行 5/24
[完成] 闭包转换：/Users/zhiboc/repos/yuyan-worktrees/基础库-密码封套核验/库/标准库/网络/超文本传输协议。豫 | PID 15643 | 退出 0 | 运行 4/24 | 已完成 252
[完成] 跨模块优化：/Users/zhiboc/repos/yuyan-worktrees/基础库-密码封套核验/库/标准库/网络。豫 | PID 15643 | 退出 0 | 运行 3/24 | 已完成 253
[启动] pre-closure-convert：/Users/zhiboc/repos/yuyan-worktrees/基础库-密码封套核验/库/标准库/网络。豫 | 运行 4/24
[完成] 跨模块优化：/Users/zhiboc/repos/yuyan-worktrees/基础库-密码封套核验/库/标准库/数据结构。豫 | PID 15643 | 退出 0 | 运行 3/24 | 已完成 254
[启动] pre-closure-convert：/Users/zhiboc/repos/yuyan-worktrees/基础库-密码封套核验/库/标准库/数据结构。豫 | 运行 4/24
[完成] 跨模块优化：/Users/zhiboc/repos/yuyan-worktrees/基础库-密码封套核验/库/标准库/豫言标准内核。豫 | PID 15643 | 退出 0 | 运行 3/24 | 已完成 255
[启动] pre-closure-convert：/Users/zhiboc/repos/yuyan-worktrees/基础库-密码封套核验/库/标准库/豫言标准内核。豫 | 运行 4/24
[完成] 闭包转换：/Users/zhiboc/repos/yuyan-worktrees/基础库-密码封套核验/库/标准库/数据结构。豫 | PID 15643 | 退出 0 | 运行 3/24 | 已完成 256
[完成] 闭包转换：/Users/zhiboc/repos/yuyan-worktrees/基础库-密码封套核验/库/标准库/网络。豫 | PID 15643 | 退出 0 | 运行 2/24 | 已完成 257
[完成] 闭包转换：/Users/zhiboc/repos/yuyan-worktrees/基础库-密码封套核验/库/标准库/豫言标准内核。豫 | PID 15643 | 退出 0 | 运行 1/24 | 已完成 258
[完成] 类型检查：/Users/zhiboc/repos/yuyan-worktrees/基础库-密码封套核验/库/标准库/操作系统/路径。豫 | PID 15643 | 退出 0 | 运行 0/24 | 已完成 259
[启动] type-check-and-erase：/Users/zhiboc/repos/yuyan-worktrees/基础库-密码封套核验/库/标准库/操作系统。豫 | 运行 1/24
[启动] cross-module-optimize：/Users/zhiboc/repos/yuyan-worktrees/基础库-密码封套核验/库/标准库/操作系统/路径。豫 | 运行 2/24
[完成] 类型检查：/Users/zhiboc/repos/yuyan-worktrees/基础库-密码封套核验/库/标准库/操作系统。豫 | PID 15643 | 退出 0 | 运行 1/24 | 已完成 260
[启动] type-check-and-erase：/Users/zhiboc/repos/yuyan-worktrees/基础库-密码封套核验/库/标准库/总集。豫 | 运行 2/24
[完成] 跨模块优化：/Users/zhiboc/repos/yuyan-worktrees/基础库-密码封套核验/库/标准库/操作系统/路径。豫 | PID 15643 | 退出 0 | 运行 1/24 | 已完成 261
[启动] cross-module-optimize：/Users/zhiboc/repos/yuyan-worktrees/基础库-密码封套核验/库/标准库/操作系统。豫 | 运行 2/24
[启动] pre-closure-convert：/Users/zhiboc/repos/yuyan-worktrees/基础库-密码封套核验/库/标准库/操作系统/路径。豫 | 运行 3/24
[完成] 类型检查：/Users/zhiboc/repos/yuyan-worktrees/基础库-密码封套核验/库/标准库/总集。豫 | PID 15643 | 退出 0 | 运行 2/24 | 已完成 262
[启动] type-check-and-erase：/Users/zhiboc/repos/yuyan-worktrees/基础库-密码封套核验/库/标准库/草稿/yy封套常量生成。豫 | 运行 3/24
[完成] 跨模块优化：/Users/zhiboc/repos/yuyan-worktrees/基础库-密码封套核验/库/标准库/操作系统。豫 | PID 15643 | 退出 0 | 运行 2/24 | 已完成 263
[启动] cross-module-optimize：/Users/zhiboc/repos/yuyan-worktrees/基础库-密码封套核验/库/标准库/总集。豫 | 运行 3/24
[启动] pre-closure-convert：/Users/zhiboc/repos/yuyan-worktrees/基础库-密码封套核验/库/标准库/操作系统。豫 | 运行 4/24
[完成] 跨模块优化：/Users/zhiboc/repos/yuyan-worktrees/基础库-密码封套核验/库/标准库/总集。豫 | PID 15643 | 退出 0 | 运行 3/24 | 已完成 264
[启动] pre-closure-convert：/Users/zhiboc/repos/yuyan-worktrees/基础库-密码封套核验/库/标准库/总集。豫 | 运行 4/24
[完成] 类型检查：/Users/zhiboc/repos/yuyan-worktrees/基础库-密码封套核验/库/标准库/草稿/yy封套常量生成。豫 | PID 15643 | 退出 0 | 运行 3/24 | 已完成 265
[启动] cross-module-optimize：/Users/zhiboc/repos/yuyan-worktrees/基础库-密码封套核验/库/标准库/草稿/yy封套常量生成。豫 | 运行 4/24
[完成] 闭包转换：/Users/zhiboc/repos/yuyan-worktrees/基础库-密码封套核验/库/标准库/操作系统/路径。豫 | PID 15643 | 退出 0 | 运行 3/24 | 已完成 266
[完成] 闭包转换：/Users/zhiboc/repos/yuyan-worktrees/基础库-密码封套核验/库/标准库/操作系统。豫 | PID 15643 | 退出 0 | 运行 2/24 | 已完成 267
[完成] 跨模块优化：/Users/zhiboc/repos/yuyan-worktrees/基础库-密码封套核验/库/标准库/草稿/yy封套常量生成。豫 | PID 15643 | 退出 0 | 运行 1/24 | 已完成 268
[启动] pre-closure-convert：/Users/zhiboc/repos/yuyan-worktrees/基础库-密码封套核验/库/标准库/草稿/yy封套常量生成。豫 | 运行 2/24
[完成] 闭包转换：/Users/zhiboc/repos/yuyan-worktrees/基础库-密码封套核验/库/标准库/总集。豫 | PID 15643 | 退出 0 | 运行 1/24 | 已完成 269
[完成] 闭包转换：/Users/zhiboc/repos/yuyan-worktrees/基础库-密码封套核验/库/标准库/草稿/yy封套常量生成。豫 | PID 15643 | 退出 0 | 运行 0/24 | 已完成 270
[启动] exec-gen：/Users/zhiboc/repos/yuyan-worktrees/基础库-密码封套核验/库/标准库/草稿/yy封套常量生成。豫 | 运行 1/24
[完成] 最终链接：/Users/zhiboc/repos/yuyan-worktrees/基础库-密码封套核验/库/标准库/草稿/yy封套常量生成。豫 | PID 15643 | 退出 0 | 运行 0/24 | 已完成 271
[2026-10-08 09:25:19] 当前路径：/Users/zhiboc/repos/yuyan-worktrees/基础库-密码封套核验/yy封套配套链

